Archive member included to satisfy reference by file (symbol)

C:/ST/STM32CubeIDE_1.19.0/STM32CubeIDE/plugins/com.st.stm32cube.ide.mcu.externaltools.gnu-tools-for-stm32.13.3.rel1.win32_1.0.0.202411081344/tools/bin/../lib/gcc/arm-none-eabi/13.3.1/../../../../arm-none-eabi/lib/thumb/v7e-m/nofp\libc_nano.a(libc_a-exit.o)
                              C:/ST/STM32CubeIDE_1.19.0/STM32CubeIDE/plugins/com.st.stm32cube.ide.mcu.externaltools.gnu-tools-for-stm32.13.3.rel1.win32_1.0.0.202411081344/tools/bin/../lib/gcc/arm-none-eabi/13.3.1/../../../../arm-none-eabi/lib/thumb/v7e-m/nofp/crt0.o (exit)
C:/ST/STM32CubeIDE_1.19.0/STM32CubeIDE/plugins/com.st.stm32cube.ide.mcu.externaltools.gnu-tools-for-stm32.13.3.rel1.win32_1.0.0.202411081344/tools/bin/../lib/gcc/arm-none-eabi/13.3.1/../../../../arm-none-eabi/lib/thumb/v7e-m/nofp\libc_nano.a(libc_a-findfp.o)
                              C:/ST/STM32CubeIDE_1.19.0/STM32CubeIDE/plugins/com.st.stm32cube.ide.mcu.externaltools.gnu-tools-for-stm32.13.3.rel1.win32_1.0.0.202411081344/tools/bin/../lib/gcc/arm-none-eabi/13.3.1/../../../../arm-none-eabi/lib/thumb/v7e-m/nofp\libc_nano.a(libc_a-exit.o) (__stdio_exit_handler)
C:/ST/STM32CubeIDE_1.19.0/STM32CubeIDE/plugins/com.st.stm32cube.ide.mcu.externaltools.gnu-tools-for-stm32.13.3.rel1.win32_1.0.0.202411081344/tools/bin/../lib/gcc/arm-none-eabi/13.3.1/../../../../arm-none-eabi/lib/thumb/v7e-m/nofp\libc_nano.a(libc_a-fwalk.o)
                              C:/ST/STM32CubeIDE_1.19.0/STM32CubeIDE/plugins/com.st.stm32cube.ide.mcu.externaltools.gnu-tools-for-stm32.13.3.rel1.win32_1.0.0.202411081344/tools/bin/../lib/gcc/arm-none-eabi/13.3.1/../../../../arm-none-eabi/lib/thumb/v7e-m/nofp\libc_nano.a(libc_a-findfp.o) (_fwalk_sglue)
C:/ST/STM32CubeIDE_1.19.0/STM32CubeIDE/plugins/com.st.stm32cube.ide.mcu.externaltools.gnu-tools-for-stm32.13.3.rel1.win32_1.0.0.202411081344/tools/bin/../lib/gcc/arm-none-eabi/13.3.1/../../../../arm-none-eabi/lib/thumb/v7e-m/nofp\libc_nano.a(libc_a-stdio.o)
                              C:/ST/STM32CubeIDE_1.19.0/STM32CubeIDE/plugins/com.st.stm32cube.ide.mcu.externaltools.gnu-tools-for-stm32.13.3.rel1.win32_1.0.0.202411081344/tools/bin/../lib/gcc/arm-none-eabi/13.3.1/../../../../arm-none-eabi/lib/thumb/v7e-m/nofp\libc_nano.a(libc_a-findfp.o) (__sread)
C:/ST/STM32CubeIDE_1.19.0/STM32CubeIDE/plugins/com.st.stm32cube.ide.mcu.externaltools.gnu-tools-for-stm32.13.3.rel1.win32_1.0.0.202411081344/tools/bin/../lib/gcc/arm-none-eabi/13.3.1/../../../../arm-none-eabi/lib/thumb/v7e-m/nofp\libc_nano.a(libc_a-memset.o)
                              C:/ST/STM32CubeIDE_1.19.0/STM32CubeIDE/plugins/com.st.stm32cube.ide.mcu.externaltools.gnu-tools-for-stm32.13.3.rel1.win32_1.0.0.202411081344/tools/bin/../lib/gcc/arm-none-eabi/13.3.1/../../../../arm-none-eabi/lib/thumb/v7e-m/nofp/crt0.o (memset)
C:/ST/STM32CubeIDE_1.19.0/STM32CubeIDE/plugins/com.st.stm32cube.ide.mcu.externaltools.gnu-tools-for-stm32.13.3.rel1.win32_1.0.0.202411081344/tools/bin/../lib/gcc/arm-none-eabi/13.3.1/../../../../arm-none-eabi/lib/thumb/v7e-m/nofp\libc_nano.a(libc_a-closer.o)
                              C:/ST/STM32CubeIDE_1.19.0/STM32CubeIDE/plugins/com.st.stm32cube.ide.mcu.externaltools.gnu-tools-for-stm32.13.3.rel1.win32_1.0.0.202411081344/tools/bin/../lib/gcc/arm-none-eabi/13.3.1/../../../../arm-none-eabi/lib/thumb/v7e-m/nofp\libc_nano.a(libc_a-stdio.o) (_close_r)
C:/ST/STM32CubeIDE_1.19.0/STM32CubeIDE/plugins/com.st.stm32cube.ide.mcu.externaltools.gnu-tools-for-stm32.13.3.rel1.win32_1.0.0.202411081344/tools/bin/../lib/gcc/arm-none-eabi/13.3.1/../../../../arm-none-eabi/lib/thumb/v7e-m/nofp\libc_nano.a(libc_a-reent.o)
                              C:/ST/STM32CubeIDE_1.19.0/STM32CubeIDE/plugins/com.st.stm32cube.ide.mcu.externaltools.gnu-tools-for-stm32.13.3.rel1.win32_1.0.0.202411081344/tools/bin/../lib/gcc/arm-none-eabi/13.3.1/../../../../arm-none-eabi/lib/thumb/v7e-m/nofp\libc_nano.a(libc_a-closer.o) (errno)
C:/ST/STM32CubeIDE_1.19.0/STM32CubeIDE/plugins/com.st.stm32cube.ide.mcu.externaltools.gnu-tools-for-stm32.13.3.rel1.win32_1.0.0.202411081344/tools/bin/../lib/gcc/arm-none-eabi/13.3.1/../../../../arm-none-eabi/lib/thumb/v7e-m/nofp\libc_nano.a(libc_a-impure.o)
                              C:/ST/STM32CubeIDE_1.19.0/STM32CubeIDE/plugins/com.st.stm32cube.ide.mcu.externaltools.gnu-tools-for-stm32.13.3.rel1.win32_1.0.0.202411081344/tools/bin/../lib/gcc/arm-none-eabi/13.3.1/../../../../arm-none-eabi/lib/thumb/v7e-m/nofp\libc_nano.a(libc_a-reent.o) (_impure_ptr)
C:/ST/STM32CubeIDE_1.19.0/STM32CubeIDE/plugins/com.st.stm32cube.ide.mcu.externaltools.gnu-tools-for-stm32.13.3.rel1.win32_1.0.0.202411081344/tools/bin/../lib/gcc/arm-none-eabi/13.3.1/../../../../arm-none-eabi/lib/thumb/v7e-m/nofp\libc_nano.a(libc_a-lseekr.o)
[...]
Memory Configuration

Name             Origin             Length             Attributes
RAM              0x20000000         0x00010000         xrw
RAM2             0x10000000         0x00008000         xrw
FLASH            0x08000000         0x00040000         xr
*default*        0x00000000         0xffffffff

Linker script and memory map

LOAD C:/ST/STM32CubeIDE_1.19.0/STM32CubeIDE/plugins/com.st.stm32cube.ide.mcu.externaltools.gnu-tools-for-stm32.13.3.rel1.win32_1.0.0.202411081344/tools/bin/../lib/gcc/arm-none-eabi/13.3.1/thumb/v7e-m/nofp/crti.o
LOAD C:/ST/STM32CubeIDE_1.19.0/STM32CubeIDE/plugins/com.st.stm32cube.ide.mcu.externaltools.gnu-tools-for-stm32.13.3.rel1.win32_1.0.0.202411081344/tools/bin/../lib/gcc/arm-none-eabi/13.3.1/thumb/v7e-m/nofp/crtbegin.o
LOAD C:/ST/STM32CubeIDE_1.19.0/STM32CubeIDE/plugins/com.st.stm32cube.ide.mcu.externaltools.gnu-tools-for-stm32.13.3.rel1.win32_1.0.0.202411081344/tools/bin/../lib/gcc/arm-none-eabi/13.3.1/../../../../arm-none-eabi/lib/thumb/v7e-m/nofp/crt0.o
LOAD ./Core/Src/adc.o
LOAD ./Core/Src/adc_if.o
LOAD ./Core/Src/bmm350.o
LOAD ./Core/Src/bmm350_oor.o
LOAD ./Core/Src/common.o
LOAD ./Core/Src/dma.o
LOAD ./Core/Src/flash_if.o
LOAD ./Core/Src/gpio.o
LOAD ./Core/Src/i2c.o
LOAD ./Core/Src/main.o
LOAD ./Core/Src/rtc.o
LOAD ./Core/Src/spi.o
LOAD ./Core/Src/stm32_lpm_if.o
LOAD ./Core/Src/stm32wlxx_hal_msp.o
LOAD ./Core/Src/stm32wlxx_it.o
LOAD ./Core/Src/subghz.o
LOAD ./Core/Src/sys_app.o
LOAD ./Core/Src/sys_debug.o
LOAD ./Core/Src/sys_sensors.o
LOAD ./Core/Src/syscalls.o
LOAD ./Core/Src/sysmem.o
LOAD ./Core/Src/system_stm32wlxx.o
LOAD ./Core/Src/timer_if.o
LOAD ./Core/Src/usart.o
LOAD ./Core/Src/usart_if.o
LOAD ./Core/Startup/startup_stm32wle5ccux.o
LOAD ./Drivers/STM32WLxx_HAL_Driver/Src/stm32wlxx_hal.o
LOAD ./Drivers/STM32WLxx_HAL_Driver/Src/stm32wlxx_hal_adc.o
LOAD ./Drivers/STM32WLxx_HAL_Driver/Src/stm32wlxx_hal_adc_ex.o
LOAD ./Drivers/STM32WLxx_HAL_Driver/Src/stm32wlxx_hal_cortex.o
LOAD ./Drivers/STM32WLxx_HAL_Driver/Src/stm32wlxx_hal_dma.o
LOAD ./Drivers/STM32WLxx_HAL_Driver/Src/stm32wlxx_hal_dma_ex.o
LOAD ./Drivers/STM32WLxx_HAL_Driver/Src/stm32wlxx_hal_exti.o
LOAD ./Drivers/STM32WLxx_HAL_Driver/Src/stm32wlxx_hal_flash.o
LOAD ./Drivers/STM32WLxx_HAL_Driver/Src/stm32wlxx_hal_flash_ex.o
LOAD ./Drivers/STM32WLxx_HAL_Driver/Src/stm32wlxx_hal_gpio.o
LOAD ./Drivers/STM32WLxx_HAL_Driver/Src/stm32wlxx_hal_i2c.o
LOAD ./Drivers/STM32WLxx_HAL_Driver/Src/stm32wlxx_hal_i2c_ex.o
LOAD ./Drivers/STM32WLxx_HAL_Driver/Src/stm32wlxx_hal_pwr.o
LOAD ./Drivers/STM32WLxx_HAL_Driver/Src/stm32wlxx_hal_pwr_ex.o
LOAD ./Drivers/STM32WLxx_HAL_Driver/Src/stm32wlxx_hal_rcc.o
LOAD ./Drivers/STM32WLxx_HAL_Driver/Src/stm32wlxx_hal_rcc_ex.o
LOAD ./Drivers/STM32WLxx_HAL_Driver/Src/stm32wlxx_hal_rtc.o
LOAD ./Drivers/STM32WLxx_HAL_Driver/Src/stm32wlxx_hal_rtc_ex.o
LOAD ./Drivers/STM32WLxx_HAL_Driver/Src/stm32wlxx_hal_spi.o
LOAD ./Drivers/STM32WLxx_HAL_Driver/Src/stm32wlxx_hal_spi_ex.o
LOAD ./Drivers/STM32WLxx_HAL_Driver/Src/stm32wlxx_hal_subghz.o
LOAD ./Drivers/STM32WLxx_HAL_Driver/Src/stm32wlxx_hal_uart.o
LOAD ./Drivers/STM32WLxx_HAL_Driver/Src/stm32wlxx_hal_uart_ex.o
LOAD ./Drivers/STM32WLxx_HAL_Driver/Src/stm32wlxx_ll_adc.o
LOAD ./LoRaWAN/App/CayenneLpp.o
LOAD ./LoRaWAN/App/app_lorawan.o
LOAD ./LoRaWAN/App/lora_app.o
LOAD ./LoRaWAN/App/lora_info.o
LOAD ./LoRaWAN/Target/radio_board_if.o
LOAD ./Middlewares/Third_Party/LoRaWAN/Crypto/cmac.o
LOAD ./Middlewares/Third_Party/LoRaWAN/Crypto/lorawan_aes.o
LOAD ./Middlewares/Third_Party/LoRaWAN/Crypto/soft-se.o
LOAD ./Middlewares/Third_Party/LoRaWAN/LmHandler/LmHandler.o
LOAD ./Middlewares/Third_Party/LoRaWAN/LmHandler/NvmDataMgmt.o
LOAD ./Middlewares/Third_Party/LoRaWAN/LmHandler/Packages/LmhpCompliance.o
LOAD ./Middlewares/Third_Party/LoRaWAN/LmHandler/Packages/LmhpPackagesRegistration.o
LOAD ./Middlewares/Third_Party/LoRaWAN/Mac/LoRaMac.o
LOAD ./Middlewares/Third_Party/LoRaWAN/Mac/LoRaMacAdr.o
LOAD ./Middlewares/Third_Party/LoRaWAN/Mac/LoRaMacClassB.o
LOAD ./Middlewares/Third_Party/LoRaWAN/Mac/LoRaMacCommands.o
LOAD ./Middlewares/Third_Party/LoRaWAN/Mac/LoRaMacConfirmQueue.o
LOAD ./Middlewares/Third_Party/LoRaWAN/Mac/LoRaMacCrypto.o
LOAD ./Middlewares/Third_Party/LoRaWAN/Mac/LoRaMacParser.o
LOAD ./Middlewares/Third_Party/LoRaWAN/Mac/LoRaMacSerializer.o
LOAD ./Middlewares/Third_Party/LoRaWAN/Mac/Region/Region.o
LOAD ./Middlewares/Third_Party/LoRaWAN/Mac/Region/RegionAS923.o
LOAD ./Middlewares/Third_Party/LoRaWAN/Mac/Region/RegionAU915.o
LOAD ./Middlewares/Third_Party/LoRaWAN/Mac/Region/RegionBaseUS.o
LOAD ./Middlewares/Third_Party/LoRaWAN/Mac/Region/RegionCN470.o
LOAD ./Middlewares/Third_Party/LoRaWAN/Mac/Region/RegionCN470A20.o
LOAD ./Middlewares/Third_Party/LoRaWAN/Mac/Region/RegionCN470A26.o
LOAD ./Middlewares/Third_Party/LoRaWAN/Mac/Region/RegionCN470B20.o
LOAD ./Middlewares/Third_Party/LoRaWAN/Mac/Region/RegionCN470B26.o
LOAD ./Middlewares/Third_Party/LoRaWAN/Mac/Region/RegionCN779.o
LOAD ./Middlewares/Third_Party/LoRaWAN/Mac/Region/RegionCommon.o
LOAD ./Middlewares/Third_Party/LoRaWAN/Mac/Region/RegionEU433.o
LOAD ./Middlewares/Third_Party/LoRaWAN/Mac/Region/RegionEU868.o
LOAD ./Middlewares/Third_Party/LoRaWAN/Mac/Region/RegionIN865.o
LOAD ./Middlewares/Third_Party/LoRaWAN/Mac/Region/RegionKR920.o
LOAD ./Middlewares/Third_Party/LoRaWAN/Mac/Region/RegionRU864.o
LOAD ./Middlewares/Third_Party/LoRaWAN/Mac/Region/RegionUS915.o
LOAD ./Middlewares/Third_Party/LoRaWAN/Utilities/utilities.o
LOAD ./Middlewares/Third_Party/SubGHz_Phy/stm32_radio_driver/radio.o
LOAD ./Middlewares/Third_Party/SubGHz_Phy/stm32_radio_driver/radio_driver.o
LOAD ./Middlewares/Third_Party/SubGHz_Phy/stm32_radio_driver/radio_fw.o
LOAD ./Utilities/lpm/tiny_lpm/stm32_lpm.o
LOAD ./Utilities/misc/stm32_mem.o
LOAD ./Utilities/misc/stm32_systime.o
LOAD ./Utilities/misc/stm32_tiny_sscanf.o
LOAD ./Utilities/misc/stm32_tiny_vsnprintf.o
LOAD ./Utilities/sequencer/stm32_seq.o
LOAD ./Utilities/timer/stm32_timer.o
LOAD ./Utilities/trace/adv_trace/stm32_adv_trace.o
START GROUP
LOAD C:/ST/STM32CubeIDE_1.19.0/STM32CubeIDE/plugins/com.st.stm32cube.ide.mcu.externaltools.gnu-tools-for-stm32.13.3.rel1.win32_1.0.0.202411081344/tools/bin/../lib/gcc/arm-none-eabi/13.3.1/../../../../arm-none-eabi/lib/thumb/v7e-m/nofp\libc_nano.a
LOAD C:/ST/STM32CubeIDE_1.19.0/STM32CubeIDE/plugins/com.st.stm32cube.ide.mcu.externaltools.gnu-tools-for-stm32.13.3.rel1.win32_1.0.0.202411081344/tools/bin/../lib/gcc/arm-none-eabi/13.3.1/../../../../arm-none-eabi/lib/thumb/v7e-m/nofp\libm.a
END GROUP
START GROUP
LOAD C:/ST/STM32CubeIDE_1.19.0/STM32CubeIDE/plugins/com.st.stm32cube.ide.mcu.externaltools.gnu-tools-for-stm32.13.3.rel1.win32_1.0.0.202411081344/tools/bin/../lib/gcc/arm-none-eabi/13.3.1/thumb/v7e-m/nofp\libgcc.a
LOAD C:/ST/STM32CubeIDE_1.19.0/STM32CubeIDE/plugins/com.st.stm32cube.ide.mcu.externaltools.gnu-tools-for-stm32.13.3.rel1.win32_1.0.0.202411081344/tools/bin/../lib/gcc/arm-none-eabi/13.3.1/../../../../arm-none-eabi/lib/thumb/v7e-m/nofp\libc_nano.a
END GROUP
START GROUP
LOAD C:/ST/STM32CubeIDE_1.19.0/STM32CubeIDE/plugins/com.st.stm32cube.ide.mcu.externaltools.gnu-tools-for-stm32.13.3.rel1.win32_1.0.0.202411081344/tools/bin/../lib/gcc/arm-none-eabi/13.3.1/thumb/v7e-m/nofp\libgcc.a
LOAD C:/ST/STM32CubeIDE_1.19.0/STM32CubeIDE/plugins/com.st.stm32cube.ide.mcu.externaltools.gnu-tools-for-stm32.13.3.rel1.win32_1.0.0.202411081344/tools/bin/../lib/gcc/arm-none-eabi/13.3.1/../../../../arm-none-eabi/lib/thumb/v7e-m/nofp\libc_nano.a
LOAD C:/ST/STM32CubeIDE_1.19.0/STM32CubeIDE/plugins/com.st.stm32cube.ide.mcu.externaltools.gnu-tools-for-stm32.13.3.rel1.win32_1.0.0.202411081344/tools/bin/../lib/gcc/arm-none-eabi/13.3.1/../../../../arm-none-eabi/lib/thumb/v7e-m/nofp\libnosys.a
END GROUP
START GROUP
LOAD C:/ST/STM32CubeIDE_1.19.0/STM32CubeIDE/plugins/com.st.stm32cube.ide.mcu.externaltools.gnu-tools-for-stm32.13.3.rel1.win32_1.0.0.202411081344/tools/bin/../lib/gcc/arm-none-eabi/13.3.1/thumb/v7e-m/nofp\libgcc.a
LOAD C:/ST/STM32CubeIDE_1.19.0/STM32CubeIDE/plugins/com.st.stm32cube.ide.mcu.externaltools.gnu-tools-for-stm32.13.3.rel1.win32_1.0.0.202411081344/tools/bin/../lib/gcc/arm-none-eabi/13.3.1/../../../../arm-none-eabi/lib/thumb/v7e-m/nofp\libc_nano.a
LOAD C:/ST/STM32CubeIDE_1.19.0/STM32CubeIDE/plugins/com.st.stm32cube.ide.mcu.externaltools.gnu-tools-for-stm32.13.3.rel1.win32_1.0.0.202411081344/tools/bin/../lib/gcc/arm-none-eabi/13.3.1/../../../../arm-none-eabi/lib/thumb/v7e-m/nofp\libnosys.a
END GROUP
LOAD C:/ST/STM32CubeIDE_1.19.0/STM32CubeIDE/plugins/com.st.stm32cube.ide.mcu.externaltools.gnu-tools-for-stm32.13.3.rel1.win32_1.0.0.202411081344/tools/bin/../lib/gcc/arm-none-eabi/13.3.1/thumb/v7e-m/nofp/crtend.o
LOAD C:/ST/STM32CubeIDE_1.19.0/STM32CubeIDE/plugins/com.st.stm32cube.ide.mcu.externaltools.gnu-tools-for-stm32.13.3.rel1.win32_1.0.0.202411081344/tools/bin/../lib/gcc/arm-none-eabi/13.3.1/thumb/v7e-m/nofp/crtn.o
                0x20010000                        _estack = (ORIGIN (RAM) + LENGTH (RAM))
                0x00000200                        _Min_Heap_Size = 0x200
                0x00000400                        _Min_Stack_Size = 0x400

.isr_vector     0x08000000      0x138
                0x08000000                        . = ALIGN (0x4)
 *(.isr_vector)
 .isr_vector    0x08000000      0x138 ./Core/Startup/startup_stm32wle5ccux.o
                0x08000000                g_pfnVectors
                0x08000138                        . = ALIGN (0x4)

.text           0x08000138     0xf740
                0x08000138                        . = ALIGN (0x4)
 *(.text)
 .text          0x08000138       0x40 C:/ST/STM32CubeIDE_1.19.0/STM32CubeIDE/plugins/com.st.stm32cube.ide.mcu.externaltools.gnu-tools-for-stm32.13.3.rel1.win32_1.0.0.202411081344/tools/bin/../lib/gcc/arm-none-eabi/13.3.1/thumb/v7e-m/nofp/crtbegin.o
 .text          0x08000178       0x10 C:/ST/STM32CubeIDE_1.19.0/STM32CubeIDE/plugins/com.st.stm32cube.ide.mcu.externaltools.gnu-tools-for-stm32.13.3.rel1.win32_1.0.0.202411081344/tools/bin/../lib/gcc/arm-none-eabi/13.3.1/../../../../arm-none-eabi/lib/thumb/v7e-m/nofp\libc_nano.a(libc_a-strlen.o)
                0x08000178                strlen
 .text          0x08000188      0x378 C:/ST/STM32CubeIDE_1.19.0/STM32CubeIDE/plugins/com.st.stm32cube.ide.mcu.externaltools.gnu-tools-for-stm32.13.3.rel1.win32_1.0.0.202411081344/tools/bin/../lib/gcc/arm-none-eabi/13.3.1/thumb/v7e-m/nofp\libgcc.a(_arm_addsubdf3.o)
                0x08000188                __aeabi_drsub
                0x08000190                __aeabi_dsub
                0x08000190                __subdf3
                0x08000194                __aeabi_dadd
                0x08000194                __adddf3
                0x0800040c                __floatunsidf
                0x0800040c                __aeabi_ui2d
                0x0800042c                __floatsidf
                0x0800042c                __aeabi_i2d
                0x08000450                __aeabi_f2d
                0x08000450                __extendsfdf2
                0x08000494                __floatundidf
                0x08000494                __aeabi_ul2d
                0x080004a4                __floatdidf
                0x080004a4                __aeabi_l2d
 .text          0x08000500      0x110 C:/ST/STM32CubeIDE_1.19.0/STM32CubeIDE/plugins/com.st.stm32cube.ide.mcu.externaltools.gnu-tools-for-stm32.13.3.rel1.win32_1.0.0.202411081344/tools/bin/../lib/gcc/arm-none-eabi/13.3.1/thumb/v7e-m/nofp\libgcc.a(_arm_cmpdf2.o)
                0x08000500                __gtdf2
                0x08000500                __gedf2
                0x08000508                __ltdf2
                0x08000508                __ledf2
                0x08000510                __nedf2
                0x08000510                __eqdf2
                0x08000510                __cmpdf2
                0x0800058c                __aeabi_cdrcmple
                0x0800059c                __aeabi_cdcmpeq
                0x0800059c                __aeabi_cdcmple
                0x080005ac                __aeabi_dcmpeq
                0x080005c0                __aeabi_dcmplt
                0x080005d4                __aeabi_dcmple
                0x080005e8                __aeabi_dcmpge
                0x080005fc                __aeabi_dcmpgt
 .text          0x08000610       0x50 C:/ST/STM32CubeIDE_1.19.0/STM32CubeIDE/plugins/com.st.stm32cube.ide.mcu.externaltools.gnu-tools-for-stm32.13.3.rel1.win32_1.0.0.202411081344/tools/bin/../lib/gcc/arm-none-eabi/13.3.1/thumb/v7e-m/nofp\libgcc.a(_arm_fixdfsi.o)
                0x08000610                __aeabi_d2iz
                0x08000610                __fixdfsi
 .text          0x08000660       0xa0 C:/ST/STM32CubeIDE_1.19.0/STM32CubeIDE/plugins/com.st.stm32cube.ide.mcu.externaltools.gnu-tools-for-stm32.13.3.rel1.win32_1.0.0.202411081344/tools/bin/../lib/gcc/arm-none-eabi/13.3.1/thumb/v7e-m/nofp\libgcc.a(_arm_truncdfsf2.o)
                0x08000660                __truncdfsf2
                0x08000660                __aeabi_d2f
 .text          0x08000700      0x21c C:/ST/STM32CubeIDE_1.19.0/STM32CubeIDE/plugins/com.st.stm32cube.ide.mcu.externaltools.gnu-tools-for-stm32.13.3.rel1.win32_1.0.0.202411081344/tools/bin/../lib/gcc/arm-none-eabi/13.3.1/thumb/v7e-m/nofp\libgcc.a(_arm_addsubsf3.o)
                0x08000700                __aeabi_frsub
                0x08000708                __subsf3
                0x08000708                __aeabi_fsub
                0x0800070c                __aeabi_fadd
                0x0800070c                __addsf3
                0x0800086c                __aeabi_ui2f
                0x0800086c                __floatunsisf
                0x08000874                __aeabi_i2f
                0x08000874                __floatsisf
                0x08000890                __aeabi_ul2f
                0x08000890                __floatundisf
                0x080008a0                __aeabi_l2f
                0x080008a0                __floatdisf
 .text          0x0800091c      0x2a0 C:/ST/STM32CubeIDE_1.19.0/STM32CubeIDE/plugins/com.st.stm32cube.ide.mcu.externaltools.gnu-tools-for-stm32.13.3.rel1.win32_1.0.0.202411081344/tools/bin/../lib/gcc/arm-none-eabi/13.3.1/thumb/v7e-m/nofp\libgcc.a(_arm_muldivsf3.o)
                0x0800091c                __mulsf3
                0x0800091c                __aeabi_fmul
                0x08000a84                __aeabi_fdiv
                0x08000a84                __divsf3
 .text          0x08000bbc       0xec C:/ST/STM32CubeIDE_1.19.0/STM32CubeIDE/plugins/com.st.stm32cube.ide.mcu.externaltools.gnu-tools-for-stm32.13.3.rel1.win32_1.0.0.202411081344/tools/bin/../lib/gcc/arm-none-eabi/13.3.1/thumb/v7e-m/nofp\libgcc.a(_arm_cmpsf2.o)
                0x08000bbc                __gesf2
                0x08000bbc                __gtsf2
                0x08000bc4                __lesf2
                0x08000bc4                __ltsf2
                0x08000bcc                __nesf2
                0x08000bcc                __eqsf2
                0x08000bcc                __cmpsf2
                0x08000c2c                __aeabi_cfrcmple
                0x08000c34                __aeabi_cfcmpeq
                0x08000c34                __aeabi_cfcmple
                0x08000c44                __aeabi_fcmpeq
                0x08000c58                __aeabi_fcmplt
                0x08000c6c                __aeabi_fcmple
                0x08000c80                __aeabi_fcmpge
                0x08000c94                __aeabi_fcmpgt
 .text          0x08000ca8       0x2c C:/ST/STM32CubeIDE_1.19.0/STM32CubeIDE/plugins/com.st.stm32cube.ide.mcu.externaltools.gnu-tools-for-stm32.13.3.rel1.win32_1.0.0.202411081344/tools/bin/../lib/gcc/arm-none-eabi/13.3.1/thumb/v7e-m/nofp\libgcc.a(_arm_unordsf2.o)
                0x08000ca8                __unordsf2
                0x08000ca8                __aeabi_fcmpun
 .text          0x08000cd4       0x4c C:/ST/STM32CubeIDE_1.19.0/STM32CubeIDE/plugins/com.st.stm32cube.ide.mcu.externaltools.gnu-tools-for-stm32.13.3.rel1.win32_1.0.0.202411081344/tools/bin/../lib/gcc/arm-none-eabi/13.3.1/thumb/v7e-m/nofp\libgcc.a(_arm_fixsfsi.o)
                0x08000cd4                __aeabi_f2iz
                0x08000cd4                __fixsfsi
 .text          0x08000d20       0x30 C:/ST/STM32CubeIDE_1.19.0/STM32CubeIDE/plugins/com.st.stm32cube.ide.mcu.externaltools.gnu-tools-for-stm32.13.3.rel1.win32_1.0.0.202411081344/tools/bin/../lib/gcc/arm-none-eabi/13.3.1/thumb/v7e-m/nofp\libgcc.a(_aeabi_uldivmod.o)
                0x08000d20                __aeabi_uldivmod
 .text          0x08000d50      0x2f8 C:/ST/STM32CubeIDE_1.19.0/STM32CubeIDE/plugins/com.st.stm32cube.ide.mcu.externaltools.gnu-tools-for-stm32.13.3.rel1.win32_1.0.0.202411081344/tools/bin/../lib/gcc/arm-none-eabi/13.3.1/thumb/v7e-m/nofp\libgcc.a(_udivmoddi4.o)
                0x08000d50                __udivmoddi4
 .text          0x08001048        0x4 C:/ST/STM32CubeIDE_1.19.0/STM32CubeIDE/plugins/com.st.stm32cube.ide.mcu.externaltools.gnu-tools-for-stm32.13.3.rel1.win32_1.0.0.202411081344/tools/bin/../lib/gcc/arm-none-eabi/13.3.1/thumb/v7e-m/nofp\libgcc.a(_dvmd_tls.o)
                0x08001048                __aeabi_idiv0
                0x08001048                __aeabi_ldiv0
 *(.text*)
 .text.MX_ADC_Init
                0x0800104c       0x54 ./Core/Src/adc.o
                0x0800104c                MX_ADC_Init
 .text.HAL_ADC_MspInit
                0x080010a0       0x5c ./Core/Src/adc.o
                0x080010a0                HAL_ADC_MspInit
 .text.HAL_ADC_MspDeInit
                0x080010fc       0x28 ./Core/Src/adc.o
                0x080010fc                HAL_ADC_MspDeInit
 .text.ADC_ReadChannels
                0x08001124       0x68 ./Core/Src/adc_if.o
 .text.SYS_InitMeasurement
                0x0800118c       0x10 ./Core/Src/adc_if.o
                0x0800118c                SYS_InitMeasurement
 .text.SYS_GetBatteryLevel
                0x0800119c       0x34 ./Core/Src/adc_if.o
                0x0800119c                SYS_GetBatteryLevel
 .text.SYS_GetTemperatureLevel
                0x080011d0       0x7c ./Core/Src/adc_if.o
                0x080011d0                SYS_GetTemperatureLevel
 .text.null_ptr_check
                0x0800124c       0x1c ./Core/Src/bmm350.o
 .text.fix_sign
                0x08001268       0x18 ./Core/Src/bmm350.o
 .text.bmm350_set_regs
                0x08001280       0x2c ./Core/Src/bmm350.o
                0x08001280                bmm350_set_regs
 .text.bmm350_get_regs
                0x080012ac       0x52 ./Core/Src/bmm350.o
                0x080012ac                bmm350_get_regs
 .text.bmm350_delay_us
                0x080012fe       0x1a ./Core/Src/bmm350.o
                0x080012fe                bmm350_delay_us
 .text.bmm350_set_powermode
                0x08001318       0xdc ./Core/Src/bmm350.o
                0x08001318                bmm350_set_powermode
 .text.bmm350_set_odr_performance
                0x080013f4       0x70 ./Core/Src/bmm350.o
                0x080013f4                bmm350_set_odr_performance
 .text.bmm350_enable_axes
                0x08001464       0x52 ./Core/Src/bmm350.o
                0x08001464                bmm350_enable_axes
 .text.bmm350_enable_interrupt
                0x080014b6       0x3e ./Core/Src/bmm350.o
                0x080014b6                bmm350_enable_interrupt
 .text.bmm350_configure_interrupt
                0x080014f4       0x6a ./Core/Src/bmm350.o
                0x080014f4                bmm350_configure_interrupt
 .text.bmm350_read_uncomp_mag_temp_data
                0x0800155e       0xc8 ./Core/Src/bmm350.o
                0x0800155e                bmm350_read_uncomp_mag_temp_data
 *fill*         0x08001626        0x2 
 .text.read_out_raw_data
                0x08001628       0xac ./Core/Src/bmm350.o
 .text.bmm350_get_compensated_mag_xyz_temp_data
                0x080016d4      0x1f6 ./Core/Src/bmm350.o
                0x080016d4                bmm350_get_compensated_mag_xyz_temp_data
 .text.bmm350_get_pmu_cmd_status_0
                0x080018ca       0x46 ./Core/Src/bmm350.o
                0x080018ca                bmm350_get_pmu_cmd_status_0
 .text.bmm350_magnetic_reset_and_wait
                0x08001910       0xe2 ./Core/Src/bmm350.o
                0x08001910                bmm350_magnetic_reset_and_wait
 *fill*         0x080019f2        0x2 
 .text.bmm350_init
                0x080019f4      0x38c ./Core/Src/bmm350.o
                0x080019f4                bmm350_init
 .text.bmm350_i2c_read
                0x08001d80       0x4c ./Core/Src/common.o
                0x08001d80                bmm350_i2c_read
 .text.bmm350_i2c_write
                0x08001dcc       0x4c ./Core/Src/common.o
                0x08001dcc                bmm350_i2c_write
 .text.bmm350_delay
                0x08001e18        0xc ./Core/Src/common.o
                0x08001e18                bmm350_delay
 .text.bmm350_interface_init
                0x08001e24       0x1c ./Core/Src/common.o
                0x08001e24                bmm350_interface_init
 .text.FLASH_IF_INT_Clear_Error
                0x08001e40       0x2c ./Core/Src/flash_if.o
 .text.FLASH_IF_INT_Erase
                0x08001e6c       0x90 ./Core/Src/flash_if.o
 .text.FLASH_IF_Init
                0x08001efc        0xc ./Core/Src/flash_if.o
                0x08001efc                FLASH_IF_Init
 .text.FLASH_IF_Write
                0x08001f08      0x1b4 ./Core/Src/flash_if.o
                0x08001f08                FLASH_IF_Write
 .text.FLASH_IF_Read
                0x080020bc       0x40 ./Core/Src/flash_if.o
                0x080020bc                FLASH_IF_Read
 .text.FLASH_IF_Erase
                0x080020fc       0x34 ./Core/Src/flash_if.o
                0x080020fc                FLASH_IF_Erase
 .text.LL_AHB2_GRP1_EnableClock
                0x08002130       0x18 ./Core/Src/gpio.o
 .text.MX_GPIO_Init
                0x08002148       0xac ./Core/Src/gpio.o
                0x08002148                MX_GPIO_Init
 .text.MX_I2C1_Init
                0x080021f4       0x58 ./Core/Src/i2c.o
                0x080021f4                MX_I2C1_Init
 .text.HAL_I2C_MspInit
                0x0800224c       0x88 ./Core/Src/i2c.o
                0x0800224c                HAL_I2C_MspInit
 .text.HAL_I2C_MspDeInit
                0x080022d4       0x34 ./Core/Src/i2c.o
                0x080022d4                HAL_I2C_MspDeInit
 .text.SystemClock_Config
                0x08002308       0x8c ./Core/Src/main.o
                0x08002308                SystemClock_Config
 .text.startup.main
                0x08002394       0x1c ./Core/Src/main.o
                0x08002394                main
 .text.Error_Handler
                0x080023b0        0x4 ./Core/Src/main.o
                0x080023b0                Error_Handler
 .text.MX_RTC_Init
                0x080023b4       0x78 ./Core/Src/rtc.o
                0x080023b4                MX_RTC_Init
 .text.HAL_RTC_MspInit
                0x0800242c       0x7c ./Core/Src/rtc.o
                0x0800242c                HAL_RTC_MspInit
 .text.PWR_EnterOffMode
                0x080024a8        0x2 ./Core/Src/stm32_lpm_if.o
                0x080024a8                PWR_EnterOffMode
 .text.PWR_ExitSleepMode
                0x080024aa        0x4 ./Core/Src/stm32_lpm_if.o
                0x080024aa                PWR_ExitSleepMode
 .text.PWR_EnterSleepMode
                0x080024ae       0x12 ./Core/Src/stm32_lpm_if.o
                0x080024ae                PWR_EnterSleepMode
 .text.PWR_ExitStopMode
                0x080024c0       0x2c ./Core/Src/stm32_lpm_if.o
                0x080024c0                PWR_ExitStopMode
 .text.PWR_ExitOffMode
                0x080024ec        0x2 ./Core/Src/stm32_lpm_if.o
                0x080024ec                PWR_ExitOffMode
 *fill*         0x080024ee        0x2 
 .text.PWR_EnterStopMode
                0x080024f0       0x40 ./Core/Src/stm32_lpm_if.o
                0x080024f0                PWR_EnterStopMode
 .text.HAL_MspInit
                0x08002530       0x16 ./Core/Src/stm32wlxx_hal_msp.o
                0x08002530                HAL_MspInit
 .text.NMI_Handler
                0x08002546        0x2 ./Core/Src/stm32wlxx_it.o
                0x08002546                NMI_Handler
 .text.HardFault_Handler
                0x08002548        0x2 ./Core/Src/stm32wlxx_it.o
                0x08002548                HardFault_Handler
 .text.MemManage_Handler
                0x0800254a        0x2 ./Core/Src/stm32wlxx_it.o
                0x0800254a                MemManage_Handler
 .text.BusFault_Handler
                0x0800254c        0x2 ./Core/Src/stm32wlxx_it.o
                0x0800254c                BusFault_Handler
 .text.UsageFault_Handler
                0x0800254e        0x2 ./Core/Src/stm32wlxx_it.o
                0x0800254e                UsageFault_Handler
 .text.SVC_Handler
                0x08002550        0x2 ./Core/Src/stm32wlxx_it.o
                0x08002550                SVC_Handler
 .text.DebugMon_Handler
                0x08002552        0x2 ./Core/Src/stm32wlxx_it.o
                0x08002552                DebugMon_Handler
 .text.PendSV_Handler
                0x08002554        0x2 ./Core/Src/stm32wlxx_it.o
                0x08002554                PendSV_Handler
 .text.SysTick_Handler
                0x08002556        0x2 ./Core/Src/stm32wlxx_it.o
                0x08002556                SysTick_Handler
 .text.TAMP_STAMP_LSECSS_SSRU_IRQHandler
                0x08002558        0xc ./Core/Src/stm32wlxx_it.o
                0x08002558                TAMP_STAMP_LSECSS_SSRU_IRQHandler
 .text.RCC_IRQHandler
                0x08002564        0x2 ./Core/Src/stm32wlxx_it.o
                0x08002564                RCC_IRQHandler
 .text.EXTI3_IRQHandler
                0x08002566        0x6 ./Core/Src/stm32wlxx_it.o
                0x08002566                EXTI3_IRQHandler
 .text.DMA1_Channel1_IRQHandler
                0x0800256c        0xc ./Core/Src/stm32wlxx_it.o
                0x0800256c                DMA1_Channel1_IRQHandler
 .text.EXTI9_5_IRQHandler
                0x08002578        0x8 ./Core/Src/stm32wlxx_it.o
                0x08002578                EXTI9_5_IRQHandler
 .text.RTC_Alarm_IRQHandler
                0x08002580        0xc ./Core/Src/stm32wlxx_it.o
                0x08002580                RTC_Alarm_IRQHandler
 .text.SUBGHZ_Radio_IRQHandler
                0x0800258c        0xc ./Core/Src/stm32wlxx_it.o
                0x0800258c                SUBGHZ_Radio_IRQHandler
 .text.MX_SUBGHZ_Init
                0x08002598       0x1c ./Core/Src/subghz.o
                0x08002598                MX_SUBGHZ_Init
 .text.HAL_SUBGHZ_MspInit
                0x080025b4       0x2e ./Core/Src/subghz.o
                0x080025b4                HAL_SUBGHZ_MspInit
 *fill*         0x080025e2        0x2 
 .text.tiny_snprintf_like.constprop.0
                0x080025e4       0x20 ./Core/Src/sys_app.o
 .text.TimestampNow
                0x08002604       0x30 ./Core/Src/sys_app.o
 .text.SystemApp_Init
                0x08002634       0x5c ./Core/Src/sys_app.o
                0x08002634                SystemApp_Init
 .text.UTIL_SEQ_Idle
                0x08002690        0x4 ./Core/Src/sys_app.o
                0x08002690                UTIL_SEQ_Idle
 .text.GetBatteryLevel
                0x08002694       0x30 ./Core/Src/sys_app.o
                0x08002694                GetBatteryLevel
 .text.GetTemperatureLevel
                0x080026c4       0x16 ./Core/Src/sys_app.o
                0x080026c4                GetTemperatureLevel
 *fill*         0x080026da        0x2 
 .text.GetUniqueId
                0x080026dc       0x6c ./Core/Src/sys_app.o
                0x080026dc                GetUniqueId
 .text.GetDevAddr
                0x08002748       0x2c ./Core/Src/sys_app.o
                0x08002748                GetDevAddr
 .text.UTIL_ADV_TRACE_PostSendHook
                0x08002774        0x8 ./Core/Src/sys_app.o
                0x08002774                UTIL_ADV_TRACE_PostSendHook
 .text.HAL_InitTick
                0x0800277c        0x4 ./Core/Src/sys_app.o
                0x0800277c                HAL_InitTick
 .text.HAL_GetTick
                0x08002780       0x10 ./Core/Src/sys_app.o
                0x08002780                HAL_GetTick
 .text.HAL_Delay
                0x08002790        0xc ./Core/Src/sys_app.o
                0x08002790                HAL_Delay
 .text.DBG_Init
                0x0800279c       0x24 ./Core/Src/sys_debug.o
                0x0800279c                DBG_Init
 .text.EnvSensors_Read
                0x080027c0       0x38 ./Core/Src/sys_sensors.o
                0x080027c0                EnvSensors_Read
 .text.EnvSensors_Init
                0x080027f8        0x4 ./Core/Src/sys_sensors.o
                0x080027f8                EnvSensors_Init
 .text.BMM350_Init
                0x080027fc       0xb0 ./Core/Src/sys_sensors.o
                0x080027fc                BMM350_Init
 .text.BMM350_Read
                0x080028ac       0xe8 ./Core/Src/sys_sensors.o
                0x080028ac                BMM350_Read
 .text.SystemInit
                0x08002994        0x2 ./Core/Src/system_stm32wlxx.o
                0x08002994                SystemInit
 *fill*         0x08002996        0x2 
 .text.TIMER_IF_GetTimerContext
                0x08002998        0xc ./Core/Src/timer_if.o
                0x08002998                TIMER_IF_GetTimerContext
 .text.TIMER_IF_GetMinimumTimeout
                0x080029a4        0x4 ./Core/Src/timer_if.o
                0x080029a4                TIMER_IF_GetMinimumTimeout
 .text.TIMER_IF_Convert_ms2Tick
                0x080029a8       0x14 ./Core/Src/timer_if.o
                0x080029a8                TIMER_IF_Convert_ms2Tick
 .text.TIMER_IF_Convert_Tick2ms
                0x080029bc       0x10 ./Core/Src/timer_if.o
                0x080029bc                TIMER_IF_Convert_Tick2ms
 .text.GetTimerTicks
                0x080029cc       0x14 ./Core/Src/timer_if.o
 .text.TIMER_IF_SetTimerContext
                0x080029e0       0x10 ./Core/Src/timer_if.o
                0x080029e0                TIMER_IF_SetTimerContext
 .text.TIMER_IF_GetTimerElapsedTime
                0x080029f0       0x14 ./Core/Src/timer_if.o
                0x080029f0                TIMER_IF_GetTimerElapsedTime
 .text.TIMER_IF_GetTimerValue
                0x08002a04       0x10 ./Core/Src/timer_if.o
                0x08002a04                TIMER_IF_GetTimerValue
 .text.TIMER_IF_StopTimer
                0x08002a14       0x28 ./Core/Src/timer_if.o
                0x08002a14                TIMER_IF_StopTimer
 .text.TIMER_IF_BkUp_Write_Seconds
                0x08002a3c       0x10 ./Core/Src/timer_if.o
                0x08002a3c                TIMER_IF_BkUp_Write_Seconds
 .text.TIMER_IF_BkUp_Write_SubSeconds
                0x08002a4c       0x10 ./Core/Src/timer_if.o
                0x08002a4c                TIMER_IF_BkUp_Write_SubSeconds
 .text.TIMER_IF_StartTimer
                0x08002a5c       0x50 ./Core/Src/timer_if.o
                0x08002a5c                TIMER_IF_StartTimer
 .text.TIMER_IF_GetTime
                0x08002aac       0x30 ./Core/Src/timer_if.o
                0x08002aac                TIMER_IF_GetTime
 .text.TIMER_IF_BkUp_Read_Seconds
                0x08002adc        0xc ./Core/Src/timer_if.o
                0x08002adc                TIMER_IF_BkUp_Read_Seconds
 .text.TIMER_IF_BkUp_Read_SubSeconds
                0x08002ae8        0xc ./Core/Src/timer_if.o
                0x08002ae8                TIMER_IF_BkUp_Read_SubSeconds
 .text.TIMER_IF_Init
                0x08002af4       0x48 ./Core/Src/timer_if.o
                0x08002af4                TIMER_IF_Init
 .text.TIMER_IF_DelayMs
                0x08002b3c       0x2a ./Core/Src/timer_if.o
                0x08002b3c                TIMER_IF_DelayMs
 .text.HAL_RTC_AlarmAEventCallback
                0x08002b66        0x4 ./Core/Src/timer_if.o
                0x08002b66                HAL_RTC_AlarmAEventCallback
 *fill*         0x08002b6a        0x2 
 .text.HAL_RTCEx_SSRUEventCallback
                0x08002b6c       0x20 ./Core/Src/timer_if.o
                0x08002b6c                HAL_RTCEx_SSRUEventCallback
 .text.HAL_UART_MspDeInit
                0x08002b8c       0x34 ./Core/Src/usart.o
                0x08002b8c                HAL_UART_MspDeInit
 .text.vcom_Init
                0x08002bc0        0x4 ./Core/Src/usart_if.o
                0x08002bc0                vcom_Init
 .text.vcom_Trace_DMA
                0x08002bc4       0x14 ./Core/Src/usart_if.o
                0x08002bc4                vcom_Trace_DMA
 .text.vcom_ReceiveInit
                0x08002bd8       0x54 ./Core/Src/usart_if.o
                0x08002bd8                vcom_ReceiveInit
 .text.vcom_DeInit
                0x08002c2c       0x2c ./Core/Src/usart_if.o
                0x08002c2c                vcom_DeInit
 .text.HAL_UART_TxCpltCallback
                0x08002c58       0x14 ./Core/Src/usart_if.o
                0x08002c58                HAL_UART_TxCpltCallback
 .text.HAL_UART_RxCpltCallback
                0x08002c6c       0x3c ./Core/Src/usart_if.o
                0x08002c6c                HAL_UART_RxCpltCallback
 .text.Reset_Handler
                0x08002ca8       0x50 ./Core/Startup/startup_stm32wle5ccux.o
                0x08002ca8                Reset_Handler
 .text.Default_Handler
                0x08002cf8        0x2 ./Core/Startup/startup_stm32wle5ccux.o
                0x08002cf8                EXTI2_IRQHandler
                0x08002cf8                TIM1_CC_IRQHandler
                0x08002cf8                LPTIM2_IRQHandler
                0x08002cf8                I2C3_ER_IRQHandler
                0x08002cf8                LPTIM3_IRQHandler
                0x08002cf8                EXTI0_IRQHandler
                0x08002cf8                I2C2_EV_IRQHandler
                0x08002cf8                SPI1_IRQHandler
                0x08002cf8                DMA2_Channel2_IRQHandler
                0x08002cf8                DMA1_Channel4_IRQHandler
                0x08002cf8                PKA_IRQHandler
                0x08002cf8                TIM17_IRQHandler
                0x08002cf8                DMA1_Channel7_IRQHandler
                0x08002cf8                SUBGHZSPI_IRQHandler
                0x08002cf8                DMA2_Channel1_IRQHandler
                0x08002cf8                I2C1_EV_IRQHandler
                0x08002cf8                DMAMUX1_OVR_IRQHandler
                0x08002cf8                DMA1_Channel6_IRQHandler
                0x08002cf8                TIM16_IRQHandler
                0x08002cf8                DMA2_Channel4_IRQHandler
                0x08002cf8                TIM1_TRG_COM_IRQHandler
                0x08002cf8                Default_Handler
                0x08002cf8                DMA2_Channel7_IRQHandler
                0x08002cf8                EXTI15_10_IRQHandler
                0x08002cf8                ADC_IRQHandler
                0x08002cf8                I2C3_EV_IRQHandler
                0x08002cf8                RTC_WKUP_IRQHandler
                0x08002cf8                PVD_PVM_IRQHandler
                0x08002cf8                SPI2_IRQHandler
                0x08002cf8                DMA2_Channel5_IRQHandler
                0x08002cf8                DMA1_Channel5_IRQHandler
                0x08002cf8                EXTI4_IRQHandler
                0x08002cf8                RNG_IRQHandler
                0x08002cf8                DMA1_Channel3_IRQHandler
                0x08002cf8                COMP_IRQHandler
                0x08002cf8                HSEM_IRQHandler
                0x08002cf8                TIM1_UP_IRQHandler
                0x08002cf8                WWDG_IRQHandler
                0x08002cf8                LPUART1_IRQHandler
                0x08002cf8                DMA2_Channel6_IRQHandler
                0x08002cf8                TIM2_IRQHandler
                0x08002cf8                TIM1_BRK_IRQHandler
                0x08002cf8                DAC_IRQHandler
                0x08002cf8                EXTI1_IRQHandler
                0x08002cf8                AES_IRQHandler
                0x08002cf8                USART2_IRQHandler
                0x08002cf8                I2C2_ER_IRQHandler
                0x08002cf8                DMA1_Channel2_IRQHandler
                0x08002cf8                FLASH_IRQHandler
                0x08002cf8                USART1_IRQHandler
                0x08002cf8                I2C1_ER_IRQHandler
                0x08002cf8                LPTIM1_IRQHandler
                0x08002cf8                DMA2_Channel3_IRQHandler
 *fill*         0x08002cfa        0x2 
 .text.HAL_Init
                0x08002cfc       0x2c ./Drivers/STM32WLxx_HAL_Driver/Src/stm32wlxx_hal.o
                0x08002cfc                HAL_Init
 .text.HAL_SuspendTick
                0x08002d28        0xe ./Drivers/STM32WLxx_HAL_Driver/Src/stm32wlxx_hal.o
                0x08002d28                HAL_SuspendTick
 .text.HAL_ResumeTick
                0x08002d36        0xe ./Drivers/STM32WLxx_HAL_Driver/Src/stm32wlxx_hal.o
                0x08002d36                HAL_ResumeTick
 .text.HAL_GetUIDw0
                0x08002d44        0xc ./Drivers/STM32WLxx_HAL_Driver/Src/stm32wlxx_hal.o
                0x08002d44                HAL_GetUIDw0
 .text.HAL_GetUIDw1
                0x08002d50        0xc ./Drivers/STM32WLxx_HAL_Driver/Src/stm32wlxx_hal.o
                0x08002d50                HAL_GetUIDw1
 .text.HAL_GetUIDw2
                0x08002d5c        0xc ./Drivers/STM32WLxx_HAL_Driver/Src/stm32wlxx_hal.o
                0x08002d5c                HAL_GetUIDw2
 .text.HAL_DBGMCU_EnableDBGSleepMode
                0x08002d68       0x10 ./Drivers/STM32WLxx_HAL_Driver/Src/stm32wlxx_hal.o
                0x08002d68                HAL_DBGMCU_EnableDBGSleepMode
 .text.HAL_DBGMCU_EnableDBGStopMode
                0x08002d78       0x10 ./Drivers/STM32WLxx_HAL_Driver/Src/stm32wlxx_hal.o
                0x08002d78                HAL_DBGMCU_EnableDBGStopMode
 .text.HAL_DBGMCU_EnableDBGStandbyMode
                0x08002d88       0x10 ./Drivers/STM32WLxx_HAL_Driver/Src/stm32wlxx_hal.o
                0x08002d88                HAL_DBGMCU_EnableDBGStandbyMode
 .text.LL_ADC_REG_IsConversionOngoing
                0x08002d98        0x8 ./Drivers/STM32WLxx_HAL_Driver/Src/stm32wlxx_hal_adc.o
 .text.HAL_ADC_Init
                0x08002da0      0x200 ./Drivers/STM32WLxx_HAL_Driver/Src/stm32wlxx_hal_adc.o
                0x08002da0                HAL_ADC_Init
 .text.HAL_ADC_PollForConversion
                0x08002fa0       0xb4 ./Drivers/STM32WLxx_HAL_Driver/Src/stm32wlxx_hal_adc.o
                0x08002fa0                HAL_ADC_PollForConversion
 .text.HAL_ADC_GetValue
                0x08003054        0x6 ./Drivers/STM32WLxx_HAL_Driver/Src/stm32wlxx_hal_adc.o
                0x08003054                HAL_ADC_GetValue
 *fill*         0x0800305a        0x2 
 .text.HAL_ADC_ConfigChannel
                0x0800305c      0x1b0 ./Drivers/STM32WLxx_HAL_Driver/Src/stm32wlxx_hal_adc.o
                0x0800305c                HAL_ADC_ConfigChannel
 .text.ADC_ConversionStop
                0x0800320c       0x5c ./Drivers/STM32WLxx_HAL_Driver/Src/stm32wlxx_hal_adc.o
                0x0800320c                ADC_ConversionStop
 .text.ADC_Enable
                0x08003268       0xb4 ./Drivers/STM32WLxx_HAL_Driver/Src/stm32wlxx_hal_adc.o
                0x08003268                ADC_Enable
 .text.HAL_ADC_Start
                0x0800331c       0x5c ./Drivers/STM32WLxx_HAL_Driver/Src/stm32wlxx_hal_adc.o
                0x0800331c                HAL_ADC_Start
 .text.ADC_Disable
                0x08003378       0x68 ./Drivers/STM32WLxx_HAL_Driver/Src/stm32wlxx_hal_adc.o
                0x08003378                ADC_Disable
 .text.HAL_ADC_DeInit
                0x080033e0       0xac ./Drivers/STM32WLxx_HAL_Driver/Src/stm32wlxx_hal_adc.o
                0x080033e0                HAL_ADC_DeInit
 .text.HAL_ADC_Stop
                0x0800348c       0x3c ./Drivers/STM32WLxx_HAL_Driver/Src/stm32wlxx_hal_adc.o
                0x0800348c                HAL_ADC_Stop
 .text.HAL_ADCEx_Calibration_Start
                0x080034c8      0x118 ./Drivers/STM32WLxx_HAL_Driver/Src/stm32wlxx_hal_adc_ex.o
                0x080034c8                HAL_ADCEx_Calibration_Start
 .text.HAL_NVIC_SetPriorityGrouping
                0x080035e0       0x24 ./Drivers/STM32WLxx_HAL_Driver/Src/stm32wlxx_hal_cortex.o
                0x080035e0                HAL_NVIC_SetPriorityGrouping
 .text.HAL_NVIC_SetPriority
                0x08003604       0x64 ./Drivers/STM32WLxx_HAL_Driver/Src/stm32wlxx_hal_cortex.o
                0x08003604                HAL_NVIC_SetPriority
 .text.HAL_NVIC_EnableIRQ
                0x08003668       0x1c ./Drivers/STM32WLxx_HAL_Driver/Src/stm32wlxx_hal_cortex.o
                0x08003668                HAL_NVIC_EnableIRQ
 .text.HAL_NVIC_DisableIRQ
                0x08003684       0x24 ./Drivers/STM32WLxx_HAL_Driver/Src/stm32wlxx_hal_cortex.o
                0x08003684                HAL_NVIC_DisableIRQ
 .text.DMA_SetConfig
                0x080036a8       0x34 ./Drivers/STM32WLxx_HAL_Driver/Src/stm32wlxx_hal_dma.o
 .text.DMA_CalcDMAMUXChannelBaseAndMask
                0x080036dc       0x4c ./Drivers/STM32WLxx_HAL_Driver/Src/stm32wlxx_hal_dma.o
 .text.HAL_DMA_DeInit
                0x08003728       0xac ./Drivers/STM32WLxx_HAL_Driver/Src/stm32wlxx_hal_dma.o
                0x08003728                HAL_DMA_DeInit
 .text.HAL_DMA_Start_IT
                0x080037d4       0x88 ./Drivers/STM32WLxx_HAL_Driver/Src/stm32wlxx_hal_dma.o
                0x080037d4                HAL_DMA_Start_IT
 .text.HAL_DMA_IRQHandler
                0x0800385c       0xac ./Drivers/STM32WLxx_HAL_Driver/Src/stm32wlxx_hal_dma.o
                0x0800385c                HAL_DMA_IRQHandler
 .text.FLASH_Program_Fast
                0x08003908       0x30 ./Drivers/STM32WLxx_HAL_Driver/Src/stm32wlxx_hal_flash.o
 .text.HAL_FLASH_Unlock
                0x08003938       0x24 ./Drivers/STM32WLxx_HAL_Driver/Src/stm32wlxx_hal_flash.o
                0x08003938                HAL_FLASH_Unlock
 .text.HAL_FLASH_Lock
                0x0800395c       0x18 ./Drivers/STM32WLxx_HAL_Driver/Src/stm32wlxx_hal_flash.o
                0x0800395c                HAL_FLASH_Lock
 .text.FLASH_WaitForLastOperation
                0x08003974       0x5c ./Drivers/STM32WLxx_HAL_Driver/Src/stm32wlxx_hal_flash.o
                0x08003974                FLASH_WaitForLastOperation
 .text.HAL_FLASH_Program
                0x080039d0       0x70 ./Drivers/STM32WLxx_HAL_Driver/Src/stm32wlxx_hal_flash.o
                0x080039d0                HAL_FLASH_Program
 .text.FLASH_PageErase
                0x08003a40       0x1c ./Drivers/STM32WLxx_HAL_Driver/Src/stm32wlxx_hal_flash_ex.o
                0x08003a40                FLASH_PageErase
 .text.HAL_FLASHEx_Erase
                0x08003a5c       0x9c ./Drivers/STM32WLxx_HAL_Driver/Src/stm32wlxx_hal_flash_ex.o
                0x08003a5c                HAL_FLASHEx_Erase
 .text.HAL_GPIO_Init
                0x08003af8      0x158 ./Drivers/STM32WLxx_HAL_Driver/Src/stm32wlxx_hal_gpio.o
                0x08003af8                HAL_GPIO_Init
 .text.HAL_GPIO_DeInit
                0x08003c50       0xe8 ./Drivers/STM32WLxx_HAL_Driver/Src/stm32wlxx_hal_gpio.o
                0x08003c50                HAL_GPIO_DeInit
 .text.HAL_GPIO_WritePin
                0x08003d38        0xa ./Drivers/STM32WLxx_HAL_Driver/Src/stm32wlxx_hal_gpio.o
                0x08003d38                HAL_GPIO_WritePin
 .text.HAL_GPIO_EXTI_Callback
                0x08003d42        0x2 ./Drivers/STM32WLxx_HAL_Driver/Src/stm32wlxx_hal_gpio.o
                0x08003d42                HAL_GPIO_EXTI_Callback
 .text.HAL_GPIO_EXTI_IRQHandler
                0x08003d44       0x18 ./Drivers/STM32WLxx_HAL_Driver/Src/stm32wlxx_hal_gpio.o
                0x08003d44                HAL_GPIO_EXTI_IRQHandler
 .text.I2C_Flush_TXDR
                0x08003d5c       0x1c ./Drivers/STM32WLxx_HAL_Driver/Src/stm32wlxx_hal_i2c.o
 .text.I2C_TransferConfig
                0x08003d78       0x2c ./Drivers/STM32WLxx_HAL_Driver/Src/stm32wlxx_hal_i2c.o
 .text.I2C_IsErrorOccurred
                0x08003da4      0x100 ./Drivers/STM32WLxx_HAL_Driver/Src/stm32wlxx_hal_i2c.o
 .text.I2C_WaitOnTXISFlagUntilTimeout
                0x08003ea4       0x56 ./Drivers/STM32WLxx_HAL_Driver/Src/stm32wlxx_hal_i2c.o
 .text.I2C_WaitOnFlagUntilTimeout
                0x08003efa       0x76 ./Drivers/STM32WLxx_HAL_Driver/Src/stm32wlxx_hal_i2c.o
 .text.I2C_WaitOnSTOPFlagUntilTimeout
                0x08003f70       0x52 ./Drivers/STM32WLxx_HAL_Driver/Src/stm32wlxx_hal_i2c.o
 *fill*         0x08003fc2        0x2 
 .text.I2C_WaitOnRXNEFlagUntilTimeout
                0x08003fc4       0xa4 ./Drivers/STM32WLxx_HAL_Driver/Src/stm32wlxx_hal_i2c.o
 .text.HAL_I2C_Init
                0x08004068       0xaa ./Drivers/STM32WLxx_HAL_Driver/Src/stm32wlxx_hal_i2c.o
                0x08004068                HAL_I2C_Init
 .text.HAL_I2C_DeInit
                0x08004112       0x32 ./Drivers/STM32WLxx_HAL_Driver/Src/stm32wlxx_hal_i2c.o
                0x08004112                HAL_I2C_DeInit
 .text.HAL_I2C_Master_Transmit
                0x08004144      0x160 ./Drivers/STM32WLxx_HAL_Driver/Src/stm32wlxx_hal_i2c.o
                0x08004144                HAL_I2C_Master_Transmit
 .text.HAL_I2C_Master_Receive
                0x080042a4      0x130 ./Drivers/STM32WLxx_HAL_Driver/Src/stm32wlxx_hal_i2c.o
                0x080042a4                HAL_I2C_Master_Receive
 .text.HAL_I2CEx_ConfigAnalogFilter
                0x080043d4       0x4c ./Drivers/STM32WLxx_HAL_Driver/Src/stm32wlxx_hal_i2c_ex.o
                0x080043d4                HAL_I2CEx_ConfigAnalogFilter
 .text.HAL_I2CEx_ConfigDigitalFilter
                0x08004420       0x4a ./Drivers/STM32WLxx_HAL_Driver/Src/stm32wlxx_hal_i2c_ex.o
                0x08004420                HAL_I2CEx_ConfigDigitalFilter
 *fill*         0x0800446a        0x2 
 .text.HAL_PWR_EnableBkUpAccess
                0x0800446c       0x10 ./Drivers/STM32WLxx_HAL_Driver/Src/stm32wlxx_hal_pwr.o
                0x0800446c                HAL_PWR_EnableBkUpAccess
 .text.HAL_PWR_EnterSLEEPMode
                0x0800447c       0x40 ./Drivers/STM32WLxx_HAL_Driver/Src/stm32wlxx_hal_pwr.o
                0x0800447c                HAL_PWR_EnterSLEEPMode
 .text.HAL_PWREx_GetVoltageRange
                0x080044bc       0x10 ./Drivers/STM32WLxx_HAL_Driver/Src/stm32wlxx_hal_pwr_ex.o
                0x080044bc                HAL_PWREx_GetVoltageRange
 .text.HAL_PWREx_EnableLowPowerRunMode
                0x080044cc       0x10 ./Drivers/STM32WLxx_HAL_Driver/Src/stm32wlxx_hal_pwr_ex.o
                0x080044cc                HAL_PWREx_EnableLowPowerRunMode
 .text.HAL_PWREx_DisableLowPowerRunMode
                0x080044dc       0x40 ./Drivers/STM32WLxx_HAL_Driver/Src/stm32wlxx_hal_pwr_ex.o
                0x080044dc                HAL_PWREx_DisableLowPowerRunMode
 .text.HAL_PWREx_EnterSTOP2Mode
                0x0800451c       0x38 ./Drivers/STM32WLxx_HAL_Driver/Src/stm32wlxx_hal_pwr_ex.o
                0x0800451c                HAL_PWREx_EnterSTOP2Mode
 .text.LL_RCC_HSE_IsReady
                0x08004554        0xc ./Drivers/STM32WLxx_HAL_Driver/Src/stm32wlxx_hal_rcc.o
 .text.LL_RCC_MSI_IsReady
                0x08004560        0xc ./Drivers/STM32WLxx_HAL_Driver/Src/stm32wlxx_hal_rcc.o
 .text.LL_RCC_MSI_SetCalibTrimming
                0x0800456c       0x12 ./Drivers/STM32WLxx_HAL_Driver/Src/stm32wlxx_hal_rcc.o
 .text.LL_RCC_PLL_IsReady
                0x0800457e        0xc ./Drivers/STM32WLxx_HAL_Driver/Src/stm32wlxx_hal_rcc.o
 *fill*         0x0800458a        0x2 
 .text.RCC_SetFlashLatencyFromMSIRange
                0x0800458c       0xd4 ./Drivers/STM32WLxx_HAL_Driver/Src/stm32wlxx_hal_rcc.o
 .text.HAL_RCC_GetSysClockFreq
                0x08004660       0xdc ./Drivers/STM32WLxx_HAL_Driver/Src/stm32wlxx_hal_rcc.o
                0x08004660                HAL_RCC_GetSysClockFreq
 .text.HAL_RCC_GetHCLKFreq
                0x0800473c       0x20 ./Drivers/STM32WLxx_HAL_Driver/Src/stm32wlxx_hal_rcc.o
                0x0800473c                HAL_RCC_GetHCLKFreq
 .text.HAL_RCC_OscConfig
                0x0800475c      0x534 ./Drivers/STM32WLxx_HAL_Driver/Src/stm32wlxx_hal_rcc.o
                0x0800475c                HAL_RCC_OscConfig
 .text.HAL_RCC_ClockConfig
                0x08004c90      0x1c0 ./Drivers/STM32WLxx_HAL_Driver/Src/stm32wlxx_hal_rcc.o
                0x08004c90                HAL_RCC_ClockConfig
 .text.LL_RCC_LSE_IsReady
                0x08004e50        0xe ./Drivers/STM32WLxx_HAL_Driver/Src/stm32wlxx_hal_rcc_ex.o
 .text.LL_RCC_SetI2CClockSource
                0x08004e5e       0x20 ./Drivers/STM32WLxx_HAL_Driver/Src/stm32wlxx_hal_rcc_ex.o
 .text.LL_RCC_SetLPTIMClockSource
                0x08004e7e       0x1a ./Drivers/STM32WLxx_HAL_Driver/Src/stm32wlxx_hal_rcc_ex.o
 .text.HAL_RCCEx_PeriphCLKConfig
                0x08004e98      0x19c ./Drivers/STM32WLxx_HAL_Driver/Src/stm32wlxx_hal_rcc_ex.o
                0x08004e98                HAL_RCCEx_PeriphCLKConfig
 .text.HAL_RTC_DeactivateAlarm
                0x08005034       0x74 ./Drivers/STM32WLxx_HAL_Driver/Src/stm32wlxx_hal_rtc.o
                0x08005034                HAL_RTC_DeactivateAlarm
 .text.HAL_RTC_AlarmIRQHandler
                0x080050a8       0x34 ./Drivers/STM32WLxx_HAL_Driver/Src/stm32wlxx_hal_rtc.o
                0x080050a8                HAL_RTC_AlarmIRQHandler
 .text.HAL_RTC_WaitForSynchro
                0x080050dc       0x30 ./Drivers/STM32WLxx_HAL_Driver/Src/stm32wlxx_hal_rtc.o
                0x080050dc                HAL_RTC_WaitForSynchro
 .text.RTC_EnterInitMode
                0x0800510c       0x4c ./Drivers/STM32WLxx_HAL_Driver/Src/stm32wlxx_hal_rtc.o
                0x0800510c                RTC_EnterInitMode
 .text.RTC_ExitInitMode
                0x08005158       0x44 ./Drivers/STM32WLxx_HAL_Driver/Src/stm32wlxx_hal_rtc.o
                0x08005158                RTC_ExitInitMode
 .text.HAL_RTC_Init
                0x0800519c       0xa8 ./Drivers/STM32WLxx_HAL_Driver/Src/stm32wlxx_hal_rtc.o
                0x0800519c                HAL_RTC_Init
 .text.RTC_ByteToBcd2
                0x08005244       0x16 ./Drivers/STM32WLxx_HAL_Driver/Src/stm32wlxx_hal_rtc.o
                0x08005244                RTC_ByteToBcd2
 *fill*         0x0800525a        0x2 
 .text.HAL_RTC_SetAlarm_IT
                0x0800525c      0x15c ./Drivers/STM32WLxx_HAL_Driver/Src/stm32wlxx_hal_rtc.o
                0x0800525c                HAL_RTC_SetAlarm_IT
 .text.HAL_RTCEx_EnableBypassShadow
                0x080053b8       0x3c ./Drivers/STM32WLxx_HAL_Driver/Src/stm32wlxx_hal_rtc_ex.o
                0x080053b8                HAL_RTCEx_EnableBypassShadow
 .text.HAL_RTCEx_SetSSRU_IT
                0x080053f4       0x4c ./Drivers/STM32WLxx_HAL_Driver/Src/stm32wlxx_hal_rtc_ex.o
                0x080053f4                HAL_RTCEx_SetSSRU_IT
 .text.HAL_RTCEx_SSRUIRQHandler
                0x08005440       0x20 ./Drivers/STM32WLxx_HAL_Driver/Src/stm32wlxx_hal_rtc_ex.o
                0x08005440                HAL_RTCEx_SSRUIRQHandler
 .text.HAL_RTCEx_AlarmBEventCallback
                0x08005460        0x2 ./Drivers/STM32WLxx_HAL_Driver/Src/stm32wlxx_hal_rtc_ex.o
                0x08005460                HAL_RTCEx_AlarmBEventCallback
 .text.HAL_RTCEx_BKUPWrite
                0x08005462        0xe ./Drivers/STM32WLxx_HAL_Driver/Src/stm32wlxx_hal_rtc_ex.o
                0x08005462                HAL_RTCEx_BKUPWrite
 .text.HAL_RTCEx_BKUPRead
                0x08005470        0xe ./Drivers/STM32WLxx_HAL_Driver/Src/stm32wlxx_hal_rtc_ex.o
                0x08005470                HAL_RTCEx_BKUPRead
 *fill*         0x0800547e        0x2 
 .text.LL_PWR_UnselectSUBGHZSPI_NSS
                0x08005480       0x14 ./Drivers/STM32WLxx_HAL_Driver/Src/stm32wlxx_hal_subghz.o
 .text.LL_PWR_SelectSUBGHZSPI_NSS
                0x08005494       0x14 ./Drivers/STM32WLxx_HAL_Driver/Src/stm32wlxx_hal_subghz.o
 .text.SUBGHZSPI_Init
                0x080054a8       0x24 ./Drivers/STM32WLxx_HAL_Driver/Src/stm32wlxx_hal_subghz.o
                0x080054a8                SUBGHZSPI_Init
 .text.HAL_SUBGHZ_Init
                0x080054cc       0xb8 ./Drivers/STM32WLxx_HAL_Driver/Src/stm32wlxx_hal_subghz.o
                0x080054cc                HAL_SUBGHZ_Init
 .text.SUBGHZSPI_Transmit
                0x08005584       0x68 ./Drivers/STM32WLxx_HAL_Driver/Src/stm32wlxx_hal_subghz.o
                0x08005584                SUBGHZSPI_Transmit
 .text.SUBGHZSPI_Receive
                0x080055ec       0x6c ./Drivers/STM32WLxx_HAL_Driver/Src/stm32wlxx_hal_subghz.o
                0x080055ec                SUBGHZSPI_Receive
 .text.SUBGHZ_WaitOnBusy
                0x08005658       0x44 ./Drivers/STM32WLxx_HAL_Driver/Src/stm32wlxx_hal_subghz.o
                0x08005658                SUBGHZ_WaitOnBusy
 .text.SUBGHZ_CheckDeviceReady
                0x0800569c       0x38 ./Drivers/STM32WLxx_HAL_Driver/Src/stm32wlxx_hal_subghz.o
                0x0800569c                SUBGHZ_CheckDeviceReady
 .text.HAL_SUBGHZ_WriteRegisters
                0x080056d4       0x72 ./Drivers/STM32WLxx_HAL_Driver/Src/stm32wlxx_hal_subghz.o
                0x080056d4                HAL_SUBGHZ_WriteRegisters
 .text.HAL_SUBGHZ_ReadRegisters
                0x08005746       0x76 ./Drivers/STM32WLxx_HAL_Driver/Src/stm32wlxx_hal_subghz.o
                0x08005746                HAL_SUBGHZ_ReadRegisters
 .text.HAL_SUBGHZ_ExecSetCmd
                0x080057bc       0x70 ./Drivers/STM32WLxx_HAL_Driver/Src/stm32wlxx_hal_subghz.o
                0x080057bc                HAL_SUBGHZ_ExecSetCmd
 .text.HAL_SUBGHZ_ExecGetCmd
                0x0800582c       0x66 ./Drivers/STM32WLxx_HAL_Driver/Src/stm32wlxx_hal_subghz.o
                0x0800582c                HAL_SUBGHZ_ExecGetCmd
 .text.HAL_SUBGHZ_IRQHandler
                0x08005892       0x9c ./Drivers/STM32WLxx_HAL_Driver/Src/stm32wlxx_hal_subghz.o
                0x08005892                HAL_SUBGHZ_IRQHandler
 .text.HAL_SUBGHZ_WriteBuffer
                0x0800592e       0x66 ./Drivers/STM32WLxx_HAL_Driver/Src/stm32wlxx_hal_subghz.o
                0x0800592e                HAL_SUBGHZ_WriteBuffer
 .text.HAL_SUBGHZ_ReadBuffer
                0x08005994       0x6e ./Drivers/STM32WLxx_HAL_Driver/Src/stm32wlxx_hal_subghz.o
                0x08005994                HAL_SUBGHZ_ReadBuffer
 .text.UART_EndTxTransfer
                0x08005a02       0x34 ./Drivers/STM32WLxx_HAL_Driver/Src/stm32wlxx_hal_uart.o
 *fill*         0x08005a36        0x2 
 .text.UART_EndRxTransfer
                0x08005a38       0x58 ./Drivers/STM32WLxx_HAL_Driver/Src/stm32wlxx_hal_uart.o
 .text.HAL_UART_Transmit_DMA
                0x08005a90       0x84 ./Drivers/STM32WLxx_HAL_Driver/Src/stm32wlxx_hal_uart.o
                0x08005a90                HAL_UART_Transmit_DMA
 .text.UART_DMATransmitCplt
                0x08005b14       0x46 ./Drivers/STM32WLxx_HAL_Driver/Src/stm32wlxx_hal_uart.o
 .text.HAL_UART_TxHalfCpltCallback
                0x08005b5a        0x2 ./Drivers/STM32WLxx_HAL_Driver/Src/stm32wlxx_hal_uart.o
                0x08005b5a                HAL_UART_TxHalfCpltCallback
 .text.UART_DMATxHalfCplt
                0x08005b5c        0xa ./Drivers/STM32WLxx_HAL_Driver/Src/stm32wlxx_hal_uart.o
 .text.HAL_UART_ErrorCallback
                0x08005b66        0x2 ./Drivers/STM32WLxx_HAL_Driver/Src/stm32wlxx_hal_uart.o
                0x08005b66                HAL_UART_ErrorCallback
 .text.UART_DMAError
                0x08005b68       0x48 ./Drivers/STM32WLxx_HAL_Driver/Src/stm32wlxx_hal_uart.o
 .text.HAL_UARTEx_RxEventCallback
                0x08005bb0        0x2 ./Drivers/STM32WLxx_HAL_Driver/Src/stm32wlxx_hal_uart.o
                0x08005bb0                HAL_UARTEx_RxEventCallback
 *fill*         0x08005bb2        0x2 
 .text.UART_RxISR_8BIT
                0x08005bb4       0xcc ./Drivers/STM32WLxx_HAL_Driver/Src/stm32wlxx_hal_uart.o
 .text.UART_RxISR_16BIT
                0x08005c80       0xc4 ./Drivers/STM32WLxx_HAL_Driver/Src/stm32wlxx_hal_uart.o
 .text.UART_RxISR_8BIT_FIFOEN
                0x08005d44      0x1a8 ./Drivers/STM32WLxx_HAL_Driver/Src/stm32wlxx_hal_uart.o
 .text.UART_RxISR_16BIT_FIFOEN
                0x08005eec      0x1a4 ./Drivers/STM32WLxx_HAL_Driver/Src/stm32wlxx_hal_uart.o
 .text.UART_WaitOnFlagUntilTimeout
                0x08006090       0xd0 ./Drivers/STM32WLxx_HAL_Driver/Src/stm32wlxx_hal_uart.o
                0x08006090                UART_WaitOnFlagUntilTimeout
 .text.UART_Start_Receive_IT
                0x08006160      0x114 ./Drivers/STM32WLxx_HAL_Driver/Src/stm32wlxx_hal_uart.o
                0x08006160                UART_Start_Receive_IT
 .text.HAL_UART_Receive_IT
                0x08006274       0x44 ./Drivers/STM32WLxx_HAL_Driver/Src/stm32wlxx_hal_uart.o
                0x08006274                HAL_UART_Receive_IT
 .text.HAL_UARTEx_StopModeWakeUpSourceConfig
                0x080062b8       0x8c ./Drivers/STM32WLxx_HAL_Driver/Src/stm32wlxx_hal_uart_ex.o
                0x080062b8                HAL_UARTEx_StopModeWakeUpSourceConfig
 .text.HAL_UARTEx_EnableStopMode
                0x08006344       0x2c ./Drivers/STM32WLxx_HAL_Driver/Src/stm32wlxx_hal_uart_ex.o
                0x08006344                HAL_UARTEx_EnableStopMode
 .text.MX_LoRaWAN_Init
                0x08006370        0xe ./LoRaWAN/App/app_lorawan.o
                0x08006370                MX_LoRaWAN_Init
 .text.MX_LoRaWAN_Process
                0x0800637e        0x8 ./LoRaWAN/App/app_lorawan.o
                0x0800637e                MX_LoRaWAN_Process
 .text.OnJoinRequest
                0x08006386        0x2 ./LoRaWAN/App/lora_app.o
 .text.OnSysTimeUpdate
                0x08006388        0x2 ./LoRaWAN/App/lora_app.o
 .text.OnClassChange
                0x0800638a        0x2 ./LoRaWAN/App/lora_app.o
 .text.OnTxFrameCtrlChanged
                0x0800638c        0xc ./LoRaWAN/App/lora_app.o
 .text.OnPingSlotPeriodicityChanged
                0x08006398        0xc ./LoRaWAN/App/lora_app.o
 .text.OnHeartBeatTimerEvent
                0x080063a4       0x18 ./LoRaWAN/App/lora_app.o
 .text.OnConfirmTimerEvent
                0x080063bc        0x8 ./LoRaWAN/App/lora_app.o
 .text.OnTxTimerEvent
                0x080063c4       0x18 ./LoRaWAN/App/lora_app.o
 .text.OnMacProcessNotify
                0x080063dc        0x8 ./LoRaWAN/App/lora_app.o
 .text.OnTxPeriodicityChanged
                0x080063e4       0x30 ./LoRaWAN/App/lora_app.o
 .text.OnRestoreContextRequest
                0x08006414        0xc ./LoRaWAN/App/lora_app.o
 .text.ComputeMagnitude
                0x08006420       0x5c ./LoRaWAN/App/lora_app.o
 .text.ConfirmDetection
                0x0800647c      0x160 ./LoRaWAN/App/lora_app.o
 .text.StopJoin
                0x080065dc       0x44 ./LoRaWAN/App/lora_app.o
 .text.StoreContext
                0x08006620        0x4 ./LoRaWAN/App/lora_app.o
 .text.OnStopJoinTimerEvent
                0x08006624       0x18 ./LoRaWAN/App/lora_app.o
 .text.OnSystemReset
                0x0800663c       0x34 ./LoRaWAN/App/lora_app.o
 .text.OnRxData
                0x08006670       0x6c ./LoRaWAN/App/lora_app.o
 .text.OnStoreContextRequest
                0x080066dc       0x28 ./LoRaWAN/App/lora_app.o
 .text.SendHeartBeat
                0x08006704       0x64 ./LoRaWAN/App/lora_app.o
 .text.SendTxData
                0x08006768      0x16c ./LoRaWAN/App/lora_app.o
 .text.OnNvmDataChange
                0x080068d4        0x2 ./LoRaWAN/App/lora_app.o
 .text.OnTxData
                0x080068d6        0x2 ./LoRaWAN/App/lora_app.o
 .text.OnBeaconStatusChange
                0x080068d8        0x2 ./LoRaWAN/App/lora_app.o
 *fill*         0x080068da        0x2 
 .text.LoRaWAN_Init
                0x080068dc      0x160 ./LoRaWAN/App/lora_app.o
                0x080068dc                LoRaWAN_Init
 .text.LoraInfo_Init
                0x08006a3c       0x18 ./LoRaWAN/App/lora_info.o
                0x08006a3c                LoraInfo_Init
 .text.LoraInfo_GetPtr
                0x08006a54        0x8 ./LoRaWAN/App/lora_info.o
                0x08006a54                LoraInfo_GetPtr
 .text.RBI_Init
                0x08006a5c       0x68 ./LoRaWAN/Target/radio_board_if.o
                0x08006a5c                RBI_Init
 .text.RBI_ConfigRFSwitch
                0x08006ac4       0x44 ./LoRaWAN/Target/radio_board_if.o
                0x08006ac4                RBI_ConfigRFSwitch
 .text.RBI_GetTxConfig
                0x08006b08        0x4 ./LoRaWAN/Target/radio_board_if.o
                0x08006b08                RBI_GetTxConfig
 .text.RBI_IsTCXO
                0x08006b0c        0x4 ./LoRaWAN/Target/radio_board_if.o
                0x08006b0c                RBI_IsTCXO
 .text.RBI_IsDCDC
                0x08006b10        0x4 ./LoRaWAN/Target/radio_board_if.o
                0x08006b10                RBI_IsDCDC
 .text.RBI_GetRFOMaxPowerConfig
                0x08006b14        0xa ./LoRaWAN/Target/radio_board_if.o
                0x08006b14                RBI_GetRFOMaxPowerConfig
 .text.AES_CMAC_Init
                0x08006b1e       0x20 ./Middlewares/Third_Party/LoRaWAN/Crypto/cmac.o
                0x08006b1e                AES_CMAC_Init
 .text.AES_CMAC_SetKey
                0x08006b3e        0xa ./Middlewares/Third_Party/LoRaWAN/Crypto/cmac.o
                0x08006b3e                AES_CMAC_SetKey
 .text.AES_CMAC_Update
                0x08006b48       0xd6 ./Middlewares/Third_Party/LoRaWAN/Crypto/cmac.o
                0x08006b48                AES_CMAC_Update
 .text.AES_CMAC_Final
                0x08006c1e      0x176 ./Middlewares/Third_Party/LoRaWAN/Crypto/cmac.o
                0x08006c1e                AES_CMAC_Final
 .text.xor_block
                0x08006d94       0x82 ./Middlewares/Third_Party/LoRaWAN/Crypto/lorawan_aes.o
 .text.copy_and_key
                0x08006e16       0x84 ./Middlewares/Third_Party/LoRaWAN/Crypto/lorawan_aes.o
 *fill*         0x08006e9a        0x2 
 .text.lorawan_aes_set_key
                0x08006e9c      0x100 ./Middlewares/Third_Party/LoRaWAN/Crypto/lorawan_aes.o
                0x08006e9c                lorawan_aes_set_key
 .text.lorawan_aes_encrypt
                0x08006f9c      0x2cc ./Middlewares/Third_Party/LoRaWAN/Crypto/lorawan_aes.o
                0x08006f9c                lorawan_aes_encrypt
 .text.SecureElementInit
                0x08007268       0x20 ./Middlewares/Third_Party/LoRaWAN/Crypto/soft-se.o
                0x08007268                SecureElementInit
 .text.SecureElementGetKeyByID
                0x08007288       0x30 ./Middlewares/Third_Party/LoRaWAN/Crypto/soft-se.o
                0x08007288                SecureElementGetKeyByID
 .text.ComputeCmac
                0x080072b8       0x66 ./Middlewares/Third_Party/LoRaWAN/Crypto/soft-se.o
 .text.SecureElementComputeAesCmac
                0x0800731e       0x16 ./Middlewares/Third_Party/LoRaWAN/Crypto/soft-se.o
                0x0800731e                SecureElementComputeAesCmac
 .text.SecureElementVerifyAesCmac
                0x08007334       0x2c ./Middlewares/Third_Party/LoRaWAN/Crypto/soft-se.o
                0x08007334                SecureElementVerifyAesCmac
 .text.SecureElementAesEncrypt
                0x08007360       0x62 ./Middlewares/Third_Party/LoRaWAN/Crypto/soft-se.o
                0x08007360                SecureElementAesEncrypt
 *fill*         0x080073c2        0x2 
 .text.SecureElementSetKey.part.0
                0x080073c4       0x68 ./Middlewares/Third_Party/LoRaWAN/Crypto/soft-se.o
 .text.SecureElementSetKey
                0x0800742c        0xa ./Middlewares/Third_Party/LoRaWAN/Crypto/soft-se.o
                0x0800742c                SecureElementSetKey
 .text.SecureElementDeriveAndStoreKey
                0x08007436       0x3e ./Middlewares/Third_Party/LoRaWAN/Crypto/soft-se.o
                0x08007436                SecureElementDeriveAndStoreKey
 .text.SecureElementProcessJoinAccept
                0x08007474       0x76 ./Middlewares/Third_Party/LoRaWAN/Crypto/soft-se.o
                0x08007474                SecureElementProcessJoinAccept
 *fill*         0x080074ea        0x2 
 .text.SecureElementSetDevEui
                0x080074ec       0x1c ./Middlewares/Third_Party/LoRaWAN/Crypto/soft-se.o
                0x080074ec                SecureElementSetDevEui
 .text.SecureElementGetDevEui
                0x08007508       0x1c ./Middlewares/Third_Party/LoRaWAN/Crypto/soft-se.o
                0x08007508                SecureElementGetDevEui
 .text.SecureElementInitMcuID
                0x08007524       0x50 ./Middlewares/Third_Party/LoRaWAN/Crypto/soft-se.o
                0x08007524                SecureElementInitMcuID
 .text.SecureElementSetJoinEui
                0x08007574       0x20 ./Middlewares/Third_Party/LoRaWAN/Crypto/soft-se.o
                0x08007574                SecureElementSetJoinEui
 .text.SecureElementGetJoinEui
                0x08007594       0x1c ./Middlewares/Third_Party/LoRaWAN/Crypto/soft-se.o
                0x08007594                SecureElementGetJoinEui
 .text.SecureElementPrintKeys
                0x080075b0       0x16 ./Middlewares/Third_Party/LoRaWAN/Crypto/soft-se.o
                0x080075b0                SecureElementPrintKeys
 .text.SecureElementPrintSessionKeys
                0x080075c6       0x16 ./Middlewares/Third_Party/LoRaWAN/Crypto/soft-se.o
                0x080075c6                SecureElementPrintSessionKeys
 .text.SecureElementSetDevAddr
                0x080075dc       0x14 ./Middlewares/Third_Party/LoRaWAN/Crypto/soft-se.o
                0x080075dc                SecureElementSetDevAddr
 .text.SecureElementGetDevAddr
                0x080075f0       0x20 ./Middlewares/Third_Party/LoRaWAN/Crypto/soft-se.o
                0x080075f0                SecureElementGetDevAddr
 .text.LmHandlerPackageIsTxPending
                0x08007610       0x28 ./Middlewares/Third_Party/LoRaWAN/LmHandler/LmHandler.o
 .text.LmHandlerOnTxFrameCtrlChanged
                0x08007638       0x18 ./Middlewares/Third_Party/LoRaWAN/LmHandler/LmHandler.o
 .text.LmHandlerOnPingSlotPeriodicityChanged
                0x08007650       0x18 ./Middlewares/Third_Party/LoRaWAN/LmHandler/LmHandler.o
 .text.LmHandlerJoin
                0x08007668       0xdc ./Middlewares/Third_Party/LoRaWAN/LmHandler/LmHandler.o
                0x08007668                LmHandlerJoin
 .text.LmHandlerDeviceTimeReq
                0x08007744       0x28 ./Middlewares/Third_Party/LoRaWAN/LmHandler/LmHandler.o
                0x08007744                LmHandlerDeviceTimeReq
 .text.MlmeIndication
                0x0800776c       0x64 ./Middlewares/Third_Party/LoRaWAN/LmHandler/LmHandler.o
 .text.McpsConfirm
                0x080077d0       0x58 ./Middlewares/Third_Party/LoRaWAN/LmHandler/LmHandler.o
 .text.LmHandlerGetDutyCycleWaitTime
                0x08007828        0xc ./Middlewares/Third_Party/LoRaWAN/LmHandler/LmHandler.o
                0x08007828                LmHandlerGetDutyCycleWaitTime
 .text.LmHandlerJoinStatus
                0x08007834       0x26 ./Middlewares/Third_Party/LoRaWAN/LmHandler/LmHandler.o
                0x08007834                LmHandlerJoinStatus
 *fill*         0x0800785a        0x2 
 .text.LmHandlerIsBusy
                0x0800785c       0x2c ./Middlewares/Third_Party/LoRaWAN/LmHandler/LmHandler.o
                0x0800785c                LmHandlerIsBusy
 .text.LmHandlerSend
                0x08007888      0x134 ./Middlewares/Third_Party/LoRaWAN/LmHandler/LmHandler.o
                0x08007888                LmHandlerSend
 .text.LmHandlerProcess
                0x080079bc       0x60 ./Middlewares/Third_Party/LoRaWAN/LmHandler/LmHandler.o
                0x080079bc                LmHandlerProcess
 .text.LmHandlerRequestClass
                0x08007a1c       0x8c ./Middlewares/Third_Party/LoRaWAN/LmHandler/LmHandler.o
                0x08007a1c                LmHandlerRequestClass
 .text.LmHandlerGetCurrentClass
                0x08007aa8       0x28 ./Middlewares/Third_Party/LoRaWAN/LmHandler/LmHandler.o
                0x08007aa8                LmHandlerGetCurrentClass
 .text.McpsIndication
                0x08007ad0       0x98 ./Middlewares/Third_Party/LoRaWAN/LmHandler/LmHandler.o
 .text.LmHandlerGetTxDatarate
                0x08007b68       0x30 ./Middlewares/Third_Party/LoRaWAN/LmHandler/LmHandler.o
                0x08007b68                LmHandlerGetTxDatarate
 .text.LmHandlerSetSystemMaxRxError
                0x08007b98       0x20 ./Middlewares/Third_Party/LoRaWAN/LmHandler/LmHandler.o
                0x08007b98                LmHandlerSetSystemMaxRxError
 .text.LmHandlerConfigure
                0x08007bb8      0x1b8 ./Middlewares/Third_Party/LoRaWAN/LmHandler/LmHandler.o
                0x08007bb8                LmHandlerConfigure
 .text.LmHandlerPackageRegister
                0x08007d70       0x68 ./Middlewares/Third_Party/LoRaWAN/LmHandler/LmHandler.o
                0x08007d70                LmHandlerPackageRegister
 .text.LmHandlerInit
                0x08007dd8       0x94 ./Middlewares/Third_Party/LoRaWAN/LmHandler/LmHandler.o
                0x08007dd8                LmHandlerInit
 .text.LmHandlerStop
                0x08007e6c       0x12 ./Middlewares/Third_Party/LoRaWAN/LmHandler/LmHandler.o
                0x08007e6c                LmHandlerStop
 .text.LmHandlerHalt
                0x08007e7e       0x12 ./Middlewares/Third_Party/LoRaWAN/LmHandler/LmHandler.o
                0x08007e7e                LmHandlerHalt
 .text.LmHandlerGetTxPower
                0x08007e90       0x30 ./Middlewares/Third_Party/LoRaWAN/LmHandler/LmHandler.o
                0x08007e90                LmHandlerGetTxPower
 .text.MlmeConfirm
                0x08007ec0       0xe8 ./Middlewares/Third_Party/LoRaWAN/LmHandler/LmHandler.o
 .text.LmHandlerNvmDataStore
                0x08007fa8       0x68 ./Middlewares/Third_Party/LoRaWAN/LmHandler/LmHandler.o
                0x08007fa8                LmHandlerNvmDataStore
 .text.NvmDataMgmtEvent
                0x08008010       0x10 ./Middlewares/Third_Party/LoRaWAN/LmHandler/NvmDataMgmt.o
                0x08008010                NvmDataMgmtEvent
 .text.NvmDataMgmtStoreBegin
                0x08008020       0x24 ./Middlewares/Third_Party/LoRaWAN/LmHandler/NvmDataMgmt.o
                0x08008020                NvmDataMgmtStoreBegin
 .text.NvmDataMgmtStoreEnd
                0x08008044       0x14 ./Middlewares/Third_Party/LoRaWAN/LmHandler/NvmDataMgmt.o
                0x08008044                NvmDataMgmtStoreEnd
 .text.LmhpComplianceIsInitialized
                0x08008058        0xc ./Middlewares/Third_Party/LoRaWAN/LmHandler/Packages/LmhpCompliance.o
 .text.LmhpComplianceIsTxPending
                0x08008064        0xc ./Middlewares/Third_Party/LoRaWAN/LmHandler/Packages/LmhpCompliance.o
 .text.LmhpComplianceOnMlmeConfirm
                0x08008070        0x2 ./Middlewares/Third_Party/LoRaWAN/LmHandler/Packages/LmhpCompliance.o
 *fill*         0x08008072        0x2 
 .text.OnProcessTimer
                0x08008074       0x1c ./Middlewares/Third_Party/LoRaWAN/LmHandler/Packages/LmhpCompliance.o
 .text.LmhpComplianceProcess
                0x08008090       0x98 ./Middlewares/Third_Party/LoRaWAN/LmHandler/Packages/LmhpCompliance.o
 .text.LmhpComplianceInit
                0x08008128       0x58 ./Middlewares/Third_Party/LoRaWAN/LmHandler/Packages/LmhpCompliance.o
 .text.LmhpComplianceOnMcpsIndication
                0x08008180      0x370 ./Middlewares/Third_Party/LoRaWAN/LmHandler/Packages/LmhpCompliance.o
 .text.LmhpComplianceOnMlmeIndication
                0x080084f0        0x2 ./Middlewares/Third_Party/LoRaWAN/LmHandler/Packages/LmhpCompliance.o
 *fill*         0x080084f2        0x2 
 .text.LmhpCompliancePackageFactory
                0x080084f4        0x8 ./Middlewares/Third_Party/LoRaWAN/LmHandler/Packages/LmhpCompliance.o
                0x080084f4                LmhpCompliancePackageFactory
 .text.LmhpPackagesRegistrationInit
                0x080084fc        0x4 ./Middlewares/Third_Party/LoRaWAN/LmHandler/Packages/LmhpPackagesRegistration.o
                0x080084fc                LmhpPackagesRegistrationInit
 .text.LmhpPackagesRegister
                0x08008500        0x6 ./Middlewares/Third_Party/LoRaWAN/LmHandler/Packages/LmhpPackagesRegistration.o
                0x08008500                LmhpPackagesRegister
 *fill*         0x08008506        0x2 
 .text.UpdateRxSlotIdleState
                0x08008508       0x1c ./Middlewares/Third_Party/LoRaWAN/Mac/LoRaMac.o
 .text.OnMacProcessNotify
                0x08008524       0x14 ./Middlewares/Third_Party/LoRaWAN/Mac/LoRaMac.o
 .text.OnRadioRxTimeout
                0x08008538       0x14 ./Middlewares/Third_Party/LoRaWAN/Mac/LoRaMac.o
 .text.OnRadioTxTimeout
                0x0800854c       0x14 ./Middlewares/Third_Party/LoRaWAN/Mac/LoRaMac.o
 .text.OnRadioRxError
                0x08008560       0x14 ./Middlewares/Third_Party/LoRaWAN/Mac/LoRaMac.o
 .text.OnAbpJoinPendingTimerEvent
                0x08008574       0x24 ./Middlewares/Third_Party/LoRaWAN/Mac/LoRaMac.o
 .text.OnRadioRxDone
                0x08008598       0x3c ./Middlewares/Third_Party/LoRaWAN/Mac/LoRaMac.o
 .text.GetMaxAppPayloadWithoutFOptsLength
                0x080085d4       0x30 ./Middlewares/Third_Party/LoRaWAN/Mac/LoRaMac.o
 .text.OnRetransmitTimeoutTimerEvent
                0x08008604       0x28 ./Middlewares/Third_Party/LoRaWAN/Mac/LoRaMac.o
 .text.PrepareRxDoneAbort
                0x0800862c       0x38 ./Middlewares/Third_Party/LoRaWAN/Mac/LoRaMac.o
 .text.OnRadioTxDone
                0x08008664       0x3c ./Middlewares/Third_Party/LoRaWAN/Mac/LoRaMac.o
 .text.HandleRadioRxErrorTimeout
                0x080086a0       0xc4 ./Middlewares/Third_Party/LoRaWAN/Mac/LoRaMac.o
 .text.ScheduleTx
                0x08008764      0x2f0 ./Middlewares/Third_Party/LoRaWAN/Mac/LoRaMac.o
 .text.OpenContinuousRxCWindow
                0x08008a54       0x5c ./Middlewares/Third_Party/LoRaWAN/Mac/LoRaMac.o
 .text.SwitchClass
                0x08008ab0       0xd8 ./Middlewares/Third_Party/LoRaWAN/Mac/LoRaMac.o
 .text.ResetMacParameters.constprop.0
                0x08008b88      0x158 ./Middlewares/Third_Party/LoRaWAN/Mac/LoRaMac.o
 .text.RxWindowSetup.constprop.0
                0x08008ce0       0x48 ./Middlewares/Third_Party/LoRaWAN/Mac/LoRaMac.o
 .text.OnRxWindow1TimerEvent
                0x08008d28       0x48 ./Middlewares/Third_Party/LoRaWAN/Mac/LoRaMac.o
 .text.OnRxWindow2TimerEvent
                0x08008d70       0x50 ./Middlewares/Third_Party/LoRaWAN/Mac/LoRaMac.o
 .text.LoRaMacHandleNvm.part.0.constprop.0
                0x08008dc0       0xf4 ./Middlewares/Third_Party/LoRaWAN/Mac/LoRaMac.o
 .text.ProcessMacCommands.constprop.0
                0x08008eb4      0x57c ./Middlewares/Third_Party/LoRaWAN/Mac/LoRaMac.o
 .text.StopRetransmission.isra.0
                0x08009430       0x44 ./Middlewares/Third_Party/LoRaWAN/Mac/LoRaMac.o
 .text.OnTxDelayedTimerEvent
                0x08009474       0x70 ./Middlewares/Third_Party/LoRaWAN/Mac/LoRaMac.o
 .text.LoRaMacIsBusy
                0x080094e4       0x30 ./Middlewares/Third_Party/LoRaWAN/Mac/LoRaMac.o
                0x080094e4                LoRaMacIsBusy
 .text.LoRaMacIsStopped
                0x08009514       0x14 ./Middlewares/Third_Party/LoRaWAN/Mac/LoRaMac.o
                0x08009514                LoRaMacIsStopped
 .text.LoRaMacProcess
                0x08009528      0x8e4 ./Middlewares/Third_Party/LoRaWAN/Mac/LoRaMac.o
                0x08009528                LoRaMacProcess
 .text.LoRaMacInitialization
                0x08009e0c      0x37c ./Middlewares/Third_Party/LoRaWAN/Mac/LoRaMac.o
                0x08009e0c                LoRaMacInitialization
 .text.LoRaMacStart
                0x0800a188       0x14 ./Middlewares/Third_Party/LoRaWAN/Mac/LoRaMac.o
                0x0800a188                LoRaMacStart
 .text.LoRaMacStop
                0x0800a19c       0x3c ./Middlewares/Third_Party/LoRaWAN/Mac/LoRaMac.o
                0x0800a19c                LoRaMacStop
 .text.LoRaMacHalt
                0x0800a1d8       0x5c ./Middlewares/Third_Party/LoRaWAN/Mac/LoRaMac.o
                0x0800a1d8                LoRaMacHalt
 .text.LoRaMacQueryTxPossible
                0x0800a234       0xc4 ./Middlewares/Third_Party/LoRaWAN/Mac/LoRaMac.o
                0x0800a234                LoRaMacQueryTxPossible
 .text.LoRaMacMibGetRequestConfirm
                0x0800a2f8      0x228 ./Middlewares/Third_Party/LoRaWAN/Mac/LoRaMac.o
                0x0800a2f8                LoRaMacMibGetRequestConfirm
 .text.LoRaMacMibSetRequestConfirm
                0x0800a520      0x4d8 ./Middlewares/Third_Party/LoRaWAN/Mac/LoRaMac.o
                0x0800a520                LoRaMacMibSetRequestConfirm
 .text.LoRaMacMlmeRequest
                0x0800a9f8      0x254 ./Middlewares/Third_Party/LoRaWAN/Mac/LoRaMac.o
                0x0800a9f8                LoRaMacMlmeRequest
 .text.LoRaMacMcpsRequest
                0x0800ac4c      0x370 ./Middlewares/Third_Party/LoRaWAN/Mac/LoRaMac.o
                0x0800ac4c                LoRaMacMcpsRequest
 .text.LoRaMacTestSetDutyCycleOn
                0x0800afbc       0x38 ./Middlewares/Third_Party/LoRaWAN/Mac/LoRaMac.o
                0x0800afbc                LoRaMacTestSetDutyCycleOn
 .text.LoRaMacDeInitialization
                0x0800aff4       0x44 ./Middlewares/Third_Party/LoRaWAN/Mac/LoRaMac.o
                0x0800aff4                LoRaMacDeInitialization
 .text.LoRaMacAdrCalcNext
                0x0800b038       0xdc ./Middlewares/Third_Party/LoRaWAN/Mac/LoRaMacAdr.o
                0x0800b038                LoRaMacAdrCalcNext
 .text.LoRaMacClassBInit
                0x0800b114        0x2 ./Middlewares/Third_Party/LoRaWAN/Mac/LoRaMacClassB.o
                0x0800b114                LoRaMacClassBInit
 .text.LoRaMacClassBSetBeaconState
                0x0800b116        0x2 ./Middlewares/Third_Party/LoRaWAN/Mac/LoRaMacClassB.o
                0x0800b116                LoRaMacClassBSetBeaconState
 .text.LoRaMacClassBSetPingSlotState
                0x0800b118        0x2 ./Middlewares/Third_Party/LoRaWAN/Mac/LoRaMacClassB.o
                0x0800b118                LoRaMacClassBSetPingSlotState
 .text.LoRaMacClassBSetMulticastSlotState
                0x0800b11a        0x2 ./Middlewares/Third_Party/LoRaWAN/Mac/LoRaMacClassB.o
                0x0800b11a                LoRaMacClassBSetMulticastSlotState
 .text.LoRaMacClassBIsAcquisitionInProgress
                0x0800b11c        0x4 ./Middlewares/Third_Party/LoRaWAN/Mac/LoRaMacClassB.o
                0x0800b11c                LoRaMacClassBIsAcquisitionInProgress
 .text.LoRaMacClassBBeaconTimerEvent
                0x0800b120        0x2 ./Middlewares/Third_Party/LoRaWAN/Mac/LoRaMacClassB.o
                0x0800b120                LoRaMacClassBBeaconTimerEvent
 .text.LoRaMacClassBPingSlotTimerEvent
                0x0800b122        0x2 ./Middlewares/Third_Party/LoRaWAN/Mac/LoRaMacClassB.o
                0x0800b122                LoRaMacClassBPingSlotTimerEvent
 .text.LoRaMacClassBMulticastSlotTimerEvent
                0x0800b124        0x2 ./Middlewares/Third_Party/LoRaWAN/Mac/LoRaMacClassB.o
                0x0800b124                LoRaMacClassBMulticastSlotTimerEvent
 .text.LoRaMacClassBRxBeacon
                0x0800b126        0x4 ./Middlewares/Third_Party/LoRaWAN/Mac/LoRaMacClassB.o
                0x0800b126                LoRaMacClassBRxBeacon
 .text.LoRaMacClassBIsBeaconExpected
                0x0800b12a        0x4 ./Middlewares/Third_Party/LoRaWAN/Mac/LoRaMacClassB.o
                0x0800b12a                LoRaMacClassBIsBeaconExpected
 .text.LoRaMacClassBIsPingExpected
                0x0800b12e        0x4 ./Middlewares/Third_Party/LoRaWAN/Mac/LoRaMacClassB.o
                0x0800b12e                LoRaMacClassBIsPingExpected
 .text.LoRaMacClassBIsMulticastExpected
                0x0800b132        0x4 ./Middlewares/Third_Party/LoRaWAN/Mac/LoRaMacClassB.o
                0x0800b132                LoRaMacClassBIsMulticastExpected
 .text.LoRaMacClassBIsBeaconModeActive
                0x0800b136        0x4 ./Middlewares/Third_Party/LoRaWAN/Mac/LoRaMacClassB.o
                0x0800b136                LoRaMacClassBIsBeaconModeActive
 .text.LoRaMacClassBSetPingSlotInfo
                0x0800b13a        0x2 ./Middlewares/Third_Party/LoRaWAN/Mac/LoRaMacClassB.o
                0x0800b13a                LoRaMacClassBSetPingSlotInfo
 .text.LoRaMacClassBHaltBeaconing
                0x0800b13c        0x2 ./Middlewares/Third_Party/LoRaWAN/Mac/LoRaMacClassB.o
                0x0800b13c                LoRaMacClassBHaltBeaconing
 .text.LoRaMacClassBResumeBeaconing
                0x0800b13e        0x2 ./Middlewares/Third_Party/LoRaWAN/Mac/LoRaMacClassB.o
                0x0800b13e                LoRaMacClassBResumeBeaconing
 .text.LoRaMacClassBSwitchClass
                0x0800b140        0x4 ./Middlewares/Third_Party/LoRaWAN/Mac/LoRaMacClassB.o
                0x0800b140                LoRaMacClassBSwitchClass
 .text.LoRaMacClassBMibGetRequestConfirm
                0x0800b144        0x4 ./Middlewares/Third_Party/LoRaWAN/Mac/LoRaMacClassB.o
                0x0800b144                LoRaMacClassBMibGetRequestConfirm
 .text.LoRaMacMibClassBSetRequestConfirm
                0x0800b148        0x4 ./Middlewares/Third_Party/LoRaWAN/Mac/LoRaMacClassB.o
                0x0800b148                LoRaMacMibClassBSetRequestConfirm
 .text.LoRaMacClassBPingSlotInfoAns
                0x0800b14c        0x2 ./Middlewares/Third_Party/LoRaWAN/Mac/LoRaMacClassB.o
                0x0800b14c                LoRaMacClassBPingSlotInfoAns
 .text.LoRaMacClassBPingSlotChannelReq
                0x0800b14e        0x4 ./Middlewares/Third_Party/LoRaWAN/Mac/LoRaMacClassB.o
                0x0800b14e                LoRaMacClassBPingSlotChannelReq
 .text.LoRaMacClassBBeaconTimingAns
                0x0800b152        0x2 ./Middlewares/Third_Party/LoRaWAN/Mac/LoRaMacClassB.o
                0x0800b152                LoRaMacClassBBeaconTimingAns
 .text.LoRaMacClassBDeviceTimeAns
                0x0800b154        0x2 ./Middlewares/Third_Party/LoRaWAN/Mac/LoRaMacClassB.o
                0x0800b154                LoRaMacClassBDeviceTimeAns
 .text.LoRaMacClassBBeaconFreqReq
                0x0800b156        0x4 ./Middlewares/Third_Party/LoRaWAN/Mac/LoRaMacClassB.o
                0x0800b156                LoRaMacClassBBeaconFreqReq
 .text.LoRaMacClassBIsUplinkCollision
                0x0800b15a        0x4 ./Middlewares/Third_Party/LoRaWAN/Mac/LoRaMacClassB.o
                0x0800b15a                LoRaMacClassBIsUplinkCollision
 .text.LoRaMacClassBStopRxSlots
                0x0800b15e        0x2 ./Middlewares/Third_Party/LoRaWAN/Mac/LoRaMacClassB.o
                0x0800b15e                LoRaMacClassBStopRxSlots
 .text.LoRaMacClassBSetFPendingBit
                0x0800b160        0x2 ./Middlewares/Third_Party/LoRaWAN/Mac/LoRaMacClassB.o
                0x0800b160                LoRaMacClassBSetFPendingBit
 .text.LoRaMacClassBProcess
                0x0800b162        0x2 ./Middlewares/Third_Party/LoRaWAN/Mac/LoRaMacClassB.o
                0x0800b162                LoRaMacClassBProcess
 .text.LoRaMacCommandsInit
                0x0800b164       0x1c ./Middlewares/Third_Party/LoRaWAN/Mac/LoRaMacCommands.o
                0x0800b164                LoRaMacCommandsInit
 .text.LoRaMacCommandsAddCmd
                0x0800b180       0x98 ./Middlewares/Third_Party/LoRaWAN/Mac/LoRaMacCommands.o
                0x0800b180                LoRaMacCommandsAddCmd
 .text.LoRaMacCommandsRemoveCmd
                0x0800b218       0x54 ./Middlewares/Third_Party/LoRaWAN/Mac/LoRaMacCommands.o
                0x0800b218                LoRaMacCommandsRemoveCmd
 .text.LoRaMacCommandsGetCmd
                0x0800b26c       0x1c ./Middlewares/Third_Party/LoRaWAN/Mac/LoRaMacCommands.o
                0x0800b26c                LoRaMacCommandsGetCmd
 .text.LoRaMacCommandsRemoveNoneStickyCmds
                0x0800b288       0x1c ./Middlewares/Third_Party/LoRaWAN/Mac/LoRaMacCommands.o
                0x0800b288                LoRaMacCommandsRemoveNoneStickyCmds
 .text.LoRaMacCommandsRemoveStickyAnsCmds
                0x0800b2a4       0x2c ./Middlewares/Third_Party/LoRaWAN/Mac/LoRaMacCommands.o
                0x0800b2a4                LoRaMacCommandsRemoveStickyAnsCmds
 .text.LoRaMacCommandsGetSizeSerializedCmds
                0x0800b2d0       0x18 ./Middlewares/Third_Party/LoRaWAN/Mac/LoRaMacCommands.o
                0x0800b2d0                LoRaMacCommandsGetSizeSerializedCmds
 .text.LoRaMacCommandsSerializeCmds
                0x0800b2e8       0x68 ./Middlewares/Third_Party/LoRaWAN/Mac/LoRaMacCommands.o
                0x0800b2e8                LoRaMacCommandsSerializeCmds
 .text.LoRaMacCommandsGetCmdSize
                0x0800b350       0x14 ./Middlewares/Third_Party/LoRaWAN/Mac/LoRaMacCommands.o
                0x0800b350                LoRaMacCommandsGetCmdSize
 .text.GetElement.isra.0
                0x0800b364       0x34 ./Middlewares/Third_Party/LoRaWAN/Mac/LoRaMacConfirmQueue.o
 .text.LoRaMacConfirmQueueInit
                0x0800b398       0x28 ./Middlewares/Third_Party/LoRaWAN/Mac/LoRaMacConfirmQueue.o
                0x0800b398                LoRaMacConfirmQueueInit
 .text.LoRaMacConfirmQueueAdd
                0x0800b3c0       0x40 ./Middlewares/Third_Party/LoRaWAN/Mac/LoRaMacConfirmQueue.o
                0x0800b3c0                LoRaMacConfirmQueueAdd
 .text.LoRaMacConfirmQueueRemoveFirst
                0x0800b400       0x2c ./Middlewares/Third_Party/LoRaWAN/Mac/LoRaMacConfirmQueue.o
                0x0800b400                LoRaMacConfirmQueueRemoveFirst
 .text.LoRaMacConfirmQueueSetStatus
                0x0800b42c       0x24 ./Middlewares/Third_Party/LoRaWAN/Mac/LoRaMacConfirmQueue.o
                0x0800b42c                LoRaMacConfirmQueueSetStatus
 .text.LoRaMacConfirmQueueGetStatus
                0x0800b450       0x20 ./Middlewares/Third_Party/LoRaWAN/Mac/LoRaMacConfirmQueue.o
                0x0800b450                LoRaMacConfirmQueueGetStatus
 .text.LoRaMacConfirmQueueSetStatusCmn
                0x0800b470       0x30 ./Middlewares/Third_Party/LoRaWAN/Mac/LoRaMacConfirmQueue.o
                0x0800b470                LoRaMacConfirmQueueSetStatusCmn
 .text.LoRaMacConfirmQueueIsCmdActive
                0x0800b4a0       0x18 ./Middlewares/Third_Party/LoRaWAN/Mac/LoRaMacConfirmQueue.o
                0x0800b4a0                LoRaMacConfirmQueueIsCmdActive
 .text.LoRaMacConfirmQueueHandleCb
                0x0800b4b8       0x60 ./Middlewares/Third_Party/LoRaWAN/Mac/LoRaMacConfirmQueue.o
                0x0800b4b8                LoRaMacConfirmQueueHandleCb
 .text.LoRaMacConfirmQueueGetCnt
                0x0800b518        0xc ./Middlewares/Third_Party/LoRaWAN/Mac/LoRaMacConfirmQueue.o
                0x0800b518                LoRaMacConfirmQueueGetCnt
 .text.LoRaMacConfirmQueueIsFull
                0x0800b524       0x14 ./Middlewares/Third_Party/LoRaWAN/Mac/LoRaMacConfirmQueue.o
                0x0800b524                LoRaMacConfirmQueueIsFull
 .text.DeriveSessionKey10x
                0x0800b538       0x54 ./Middlewares/Third_Party/LoRaWAN/Mac/LoRaMacCrypto.o
 .text.PayloadEncrypt
                0x0800b58c       0xc0 ./Middlewares/Third_Party/LoRaWAN/Mac/LoRaMacCrypto.o
 .text.GetLastFcntDown.constprop.0
                0x0800b64c       0x3c ./Middlewares/Third_Party/LoRaWAN/Mac/LoRaMacCrypto.o
 .text.VerifyCmacB0.constprop.0.isra.0
                0x0800b688       0x88 ./Middlewares/Third_Party/LoRaWAN/Mac/LoRaMacCrypto.o
 .text.LoRaMacCryptoInit
                0x0800b710       0x38 ./Middlewares/Third_Party/LoRaWAN/Mac/LoRaMacCrypto.o
                0x0800b710                LoRaMacCryptoInit
 .text.LoRaMacCryptoSetLrWanVersion
                0x0800b748       0x10 ./Middlewares/Third_Party/LoRaWAN/Mac/LoRaMacCrypto.o
                0x0800b748                LoRaMacCryptoSetLrWanVersion
 .text.LoRaMacCryptoGetFCntUp
                0x0800b758       0x18 ./Middlewares/Third_Party/LoRaWAN/Mac/LoRaMacCrypto.o
                0x0800b758                LoRaMacCryptoGetFCntUp
 .text.LoRaMacCryptoGetFCntDown
                0x0800b770       0x44 ./Middlewares/Third_Party/LoRaWAN/Mac/LoRaMacCrypto.o
                0x0800b770                LoRaMacCryptoGetFCntDown
 .text.LoRaMacCryptoSetMulticastReference
                0x0800b7b4       0x18 ./Middlewares/Third_Party/LoRaWAN/Mac/LoRaMacCrypto.o
                0x0800b7b4                LoRaMacCryptoSetMulticastReference
 .text.LoRaMacCryptoPrepareJoinRequest
                0x0800b7cc       0x50 ./Middlewares/Third_Party/LoRaWAN/Mac/LoRaMacCrypto.o
                0x0800b7cc                LoRaMacCryptoPrepareJoinRequest
 .text.LoRaMacCryptoSecureMessage
                0x0800b81c       0xd0 ./Middlewares/Third_Party/LoRaWAN/Mac/LoRaMacCrypto.o
                0x0800b81c                LoRaMacCryptoSecureMessage
 .text.LoRaMacCryptoUnsecureMessage
                0x0800b8ec       0xe0 ./Middlewares/Third_Party/LoRaWAN/Mac/LoRaMacCrypto.o
                0x0800b8ec                LoRaMacCryptoUnsecureMessage
 .text.LoRaMacCryptoDeriveLifeTimeKey
                0x0800b9cc       0x48 ./Middlewares/Third_Party/LoRaWAN/Mac/LoRaMacCrypto.o
                0x0800b9cc                LoRaMacCryptoDeriveLifeTimeKey
 .text.LoRaMacCryptoSetKey
                0x0800ba14       0x40 ./Middlewares/Third_Party/LoRaWAN/Mac/LoRaMacCrypto.o
                0x0800ba14                LoRaMacCryptoSetKey
 .text.LoRaMacCryptoHandleJoinAccept
                0x0800ba54       0xf8 ./Middlewares/Third_Party/LoRaWAN/Mac/LoRaMacCrypto.o
                0x0800ba54                LoRaMacCryptoHandleJoinAccept
 .text.LoRaMacParserJoinAccept
                0x0800bb4c       0x9c ./Middlewares/Third_Party/LoRaWAN/Mac/LoRaMacParser.o
                0x0800bb4c                LoRaMacParserJoinAccept
 .text.LoRaMacParserData
                0x0800bbe8       0xb6 ./Middlewares/Third_Party/LoRaWAN/Mac/LoRaMacParser.o
                0x0800bbe8                LoRaMacParserData
 .text.LoRaMacSerializerJoinRequest
                0x0800bc9e       0x68 ./Middlewares/Third_Party/LoRaWAN/Mac/LoRaMacSerializer.o
                0x0800bc9e                LoRaMacSerializerJoinRequest
 .text.LoRaMacSerializerData
                0x0800bd06       0xd8 ./Middlewares/Third_Party/LoRaWAN/Mac/LoRaMacSerializer.o
                0x0800bd06                LoRaMacSerializerData
 .text.RegionIsActive
                0x0800bdde        0x8 ./Middlewares/Third_Party/LoRaWAN/Mac/Region/Region.o
                0x0800bdde                RegionIsActive
 .text.RegionGetPhyParam
                0x0800bde6       0x14 ./Middlewares/Third_Party/LoRaWAN/Mac/Region/Region.o
                0x0800bde6                RegionGetPhyParam
 .text.RegionSetBandTxDone
                0x0800bdfa        0xc ./Middlewares/Third_Party/LoRaWAN/Mac/Region/Region.o
                0x0800bdfa                RegionSetBandTxDone
 .text.RegionInitDefaults
                0x0800be06        0xc ./Middlewares/Third_Party/LoRaWAN/Mac/Region/Region.o
                0x0800be06                RegionInitDefaults
 .text.RegionVerify
                0x0800be12       0x12 ./Middlewares/Third_Party/LoRaWAN/Mac/Region/Region.o
                0x0800be12                RegionVerify
 .text.RegionApplyCFList
                0x0800be24        0xc ./Middlewares/Third_Party/LoRaWAN/Mac/Region/Region.o
                0x0800be24                RegionApplyCFList
 .text.RegionChanMaskSet
                0x0800be30        0xe ./Middlewares/Third_Party/LoRaWAN/Mac/Region/Region.o
                0x0800be30                RegionChanMaskSet
 .text.RegionComputeRxWindowParameters
                0x0800be3e       0x1a ./Middlewares/Third_Party/LoRaWAN/Mac/Region/Region.o
                0x0800be3e                RegionComputeRxWindowParameters
 .text.RegionRxConfig
                0x0800be58       0x12 ./Middlewares/Third_Party/LoRaWAN/Mac/Region/Region.o
                0x0800be58                RegionRxConfig
 .text.RegionTxConfig
                0x0800be6a       0x1a ./Middlewares/Third_Party/LoRaWAN/Mac/Region/Region.o
                0x0800be6a                RegionTxConfig
 .text.RegionLinkAdrReq
                0x0800be84       0x20 ./Middlewares/Third_Party/LoRaWAN/Mac/Region/Region.o
                0x0800be84                RegionLinkAdrReq
 .text.RegionRxParamSetupReq
                0x0800bea4        0xe ./Middlewares/Third_Party/LoRaWAN/Mac/Region/Region.o
                0x0800bea4                RegionRxParamSetupReq
 .text.RegionNewChannelReq