../Drivers/CMSIS/Include/core_cm4.h:1933:34:__NVIC_SystemReset	4	static,ignoring_inline_asm
../LoRaWAN/App/lora_app.c:373:6:LoRaWAN_Init	24	static
../LoRaWAN/App/lora_app.c:494:14:ComputeMagnitude	40	static
../LoRaWAN/App/lora_app.c:507:13:ConfirmDetection	48	static
../LoRaWAN/App/lora_app.c:643:13:SendHeartBeat	24	static
../LoRaWAN/App/lora_app.c:682:13:CheckBatteryVoltage	24	static
../LoRaWAN/App/lora_app.c:736:13:CheckTemperature	40	static
../LoRaWAN/App/lora_app.c:788:13:DoRetransmit	16	static
../LoRaWAN/App/lora_app.c:819:13:join_task	8	static
../LoRaWAN/App/lora_app.c:851:13:OnRxData	16	static
../LoRaWAN/App/lora_app.c:919:13:SendTxData	56	static
../LoRaWAN/App/lora_app.c:1024:13:OnTxTimerEvent	16	static
../LoRaWAN/App/lora_app.c:1041:13:OnConfirmTimerEvent	16	static
../LoRaWAN/App/lora_app.c:1048:13:OnHeartBeatTimerEvent	16	static
../LoRaWAN/App/lora_app.c:1062:13:OnBatteryCheckTimerEvent	16	static
../LoRaWAN/App/lora_app.c:1071:13:OnTemperatureCheckTimerEvent	16	static
../LoRaWAN/App/lora_app.c:1080:13:OnRetransmitTimerEvent	16	static
../LoRaWAN/App/lora_app.c:1088:13:JoinTimerEvent	16	static
../LoRaWAN/App/lora_app.c:1094:13:OnTxData	16	static
../LoRaWAN/App/lora_app.c:1121:13:OnJoinRequest	16	static
../LoRaWAN/App/lora_app.c:1149:13:OnBeaconStatusChange	16	static
../LoRaWAN/App/lora_app.c:1155:13:OnSysTimeUpdate	4	static
../LoRaWAN/App/lora_app.c:1162:13:OnClassChange	16	static
../LoRaWAN/App/lora_app.c:1168:13:OnMacProcessNotify	8	static
../LoRaWAN/App/lora_app.c:1180:13:OnTxPeriodicityChanged	16	static
../LoRaWAN/App/lora_app.c:1202:13:OnTxFrameCtrlChanged	16	static
../LoRaWAN/App/lora_app.c:1213:13:OnPingSlotPeriodicityChanged	16	static
../LoRaWAN/App/lora_app.c:1224:13:OnSystemReset	8	static
../LoRaWAN/App/lora_app.c:1238:13:StopJoin	8	static
../LoRaWAN/App/lora_app.c:1273:13:OnStopJoinTimerEvent	16	static
../LoRaWAN/App/lora_app.c:1287:13:StoreContext	16	static
../LoRaWAN/App/lora_app.c:1309:13:OnNvmDataChange	16	static
../LoRaWAN/App/lora_app.c:1327:13:OnStoreContextRequest	16	static
../LoRaWAN/App/lora_app.c:1342:13:OnRestoreContextRequest	16	static
