../Drivers/CMSIS/Include/core_cm4.h:1933:34:__NVIC_SystemReset	4	static,ignoring_inline_asm
../LoRaWAN/App/lora_app.c:374:6:LoRaWAN_Init	24	static
../LoRaWAN/App/lora_app.c:495:14:ComputeMagnitude	40	static
../LoRaWAN/App/lora_app.c:508:13:ConfirmDetection	48	static
../LoRaWAN/App/lora_app.c:644:13:SendHeartBeat	24	static
../LoRaWAN/App/lora_app.c:683:13:CheckBatteryVoltage	24	static
../LoRaWAN/App/lora_app.c:737:13:CheckTemperature	40	static
../LoRaWAN/App/lora_app.c:789:13:DoRetransmit	16	static
../LoRaWAN/App/lora_app.c:820:13:join_task	8	static
../LoRaWAN/App/lora_app.c:852:13:OnRxData	16	static
../LoRaWAN/App/lora_app.c:920:13:SendTxData	56	static
../LoRaWAN/App/lora_app.c:1028:13:OnTxTimerEvent	16	static
../LoRaWAN/App/lora_app.c:1045:13:OnConfirmTimerEvent	16	static
../LoRaWAN/App/lora_app.c:1052:13:OnHeartBeatTimerEvent	16	static
../LoRaWAN/App/lora_app.c:1066:13:OnBatteryCheckTimerEvent	16	static
../LoRaWAN/App/lora_app.c:1075:13:OnTemperatureCheckTimerEvent	16	static
../LoRaWAN/App/lora_app.c:1084:13:OnRetransmitTimerEvent	16	static
../LoRaWAN/App/lora_app.c:1092:13:JoinTimerEvent	16	static
../LoRaWAN/App/lora_app.c:1098:13:OnTxData	16	static
../LoRaWAN/App/lora_app.c:1125:13:OnJoinRequest	16	static
../LoRaWAN/App/lora_app.c:1153:13:OnBeaconStatusChange	16	static
../LoRaWAN/App/lora_app.c:1159:13:OnSysTimeUpdate	4	static
../LoRaWAN/App/lora_app.c:1166:13:OnClassChange	16	static
../LoRaWAN/App/lora_app.c:1172:13:OnMacProcessNotify	8	static
../LoRaWAN/App/lora_app.c:1184:13:OnTxPeriodicityChanged	16	static
../LoRaWAN/App/lora_app.c:1206:13:OnTxFrameCtrlChanged	16	static
../LoRaWAN/App/lora_app.c:1217:13:OnPingSlotPeriodicityChanged	16	static
../LoRaWAN/App/lora_app.c:1228:13:OnSystemReset	8	static
../LoRaWAN/App/lora_app.c:1242:13:StopJoin	8	static
../LoRaWAN/App/lora_app.c:1277:13:OnStopJoinTimerEvent	16	static
../LoRaWAN/App/lora_app.c:1291:13:StoreContext	16	static
../LoRaWAN/App/lora_app.c:1313:13:OnNvmDataChange	16	static
../LoRaWAN/App/lora_app.c:1331:13:OnStoreContextRequest	16	static
../LoRaWAN/App/lora_app.c:1346:13:OnRestoreContextRequest	16	static
