../Middlewares/Third_Party/LoRaWAN/Mac/Region/RegionIN865.c:60:13:VerifyRfFreq	8	static
../Middlewares/Third_Party/LoRaWAN/Mac/Region/RegionIN865.c:75:20:GetTimeOnAir	40	static
../Middlewares/Third_Party/LoRaWAN/Mac/Region/RegionIN865.c:93:12:RegionIN865GetPhyParam	24	static
../Middlewares/Third_Party/LoRaWAN/Mac/Region/RegionIN865.c:309:6:RegionIN865SetBandTxDone	24	static
../Middlewares/Third_Party/LoRaWAN/Mac/Region/RegionIN865.c:322:6:RegionIN865InitDefaults	40	static
../Middlewares/Third_Party/LoRaWAN/Mac/Region/RegionIN865.c:389:6:RegionIN865Verify	8	static
../Middlewares/Third_Party/LoRaWAN/Mac/Region/RegionIN865.c:503:6:RegionIN865ChanMaskSet	8	static
../Middlewares/Third_Party/LoRaWAN/Mac/Region/RegionIN865.c:527:6:RegionIN865ComputeRxWindowParameters	32	static
../Middlewares/Third_Party/LoRaWAN/Mac/Region/RegionIN865.c:549:6:RegionIN865RxConfig	80	static
../Middlewares/Third_Party/LoRaWAN/Mac/Region/RegionIN865.c:610:6:RegionIN865TxConfig	88	static
../Middlewares/Third_Party/LoRaWAN/Mac/Region/RegionIN865.c:654:9:RegionIN865LinkAdrReq	88	static
../Middlewares/Third_Party/LoRaWAN/Mac/Region/RegionIN865.c:768:9:RegionIN865RxParamSetupReq	16	static
../Middlewares/Third_Party/LoRaWAN/Mac/Region/RegionIN865.c:850:8:RegionIN865TxParamSetupReq	0	static
../Middlewares/Third_Party/LoRaWAN/Mac/Region/RegionIN865.c:856:8:RegionIN865DlChannelReq	8	static
../Middlewares/Third_Party/LoRaWAN/Mac/Region/RegionIN865.c:888:8:RegionIN865AlternateDr	0	static
../Middlewares/Third_Party/LoRaWAN/Mac/Region/RegionIN865.c:897:17:RegionIN865NextChannel	120	static
../Middlewares/Third_Party/LoRaWAN/Mac/Region/RegionIN865.c:956:17:RegionIN865ChannelAdd	24	static
../Middlewares/Third_Party/LoRaWAN/Mac/Region/RegionIN865.c:1019:6:RegionIN865ChannelsRemove	4	static
../Middlewares/Third_Party/LoRaWAN/Mac/Region/RegionIN865.c:442:6:RegionIN865ApplyCFList	48	static
../Middlewares/Third_Party/LoRaWAN/Mac/Region/RegionIN865.c:797:8:RegionIN865NewChannelReq	24	static
../Middlewares/Third_Party/LoRaWAN/Mac/Region/RegionIN865.c:1063:9:RegionIN865ApplyDrOffset	0	static
../Middlewares/Third_Party/LoRaWAN/Mac/Region/RegionIN865.c:1079:6:RegionIN865RxBeaconSetup	32	static
