../LoRaWAN/App/lora_app.c:820:13:OnJoinRequest	0	static
../LoRaWAN/App/lora_app.c:853:13:OnSysTimeUpdate	0	static
../LoRaWAN/App/lora_app.c:860:13:OnClassChange	0	static
../LoRaWAN/App/lora_app.c:900:13:OnTxFrameCtrlChanged	0	static
../LoRaWAN/App/lora_app.c:911:13:OnPingSlotPeriodicityChanged	0	static
../LoRaWAN/App/lora_app.c:781:13:OnHeartBeatTimerEvent	8	static
../LoRaWAN/App/lora_app.c:774:13:OnConfirmTimerEvent	0	static
../LoRaWAN/App/lora_app.c:759:13:OnTxTimerEvent	8	static
../LoRaWAN/App/lora_app.c:866:13:OnMacProcessNotify	0	static
../LoRaWAN/App/lora_app.c:878:13:OnTxPeriodicityChanged	8	static
../LoRaWAN/App/lora_app.c:1040:13:OnRestoreContextRequest	0	static
../LoRaWAN/App/lora_app.c:431:14:ComputeMagnitude	24	static
../LoRaWAN/App/lora_app.c:444:13:ConfirmDetection	32	static
../LoRaWAN/App/lora_app.c:936:13:StopJoin	16	static
../LoRaWAN/App/lora_app.c:985:13:StoreContext	0	static
../LoRaWAN/App/lora_app.c:971:13:OnStopJoinTimerEvent	0	static
../LoRaWAN/App/lora_app.c:922:13:OnSystemReset	8	static,ignoring_inline_asm
../LoRaWAN/App/lora_app.c:595:13:OnRxData	8	static
../LoRaWAN/App/lora_app.c:1025:13:OnStoreContextRequest	16	static
../LoRaWAN/App/lora_app.c:559:13:SendHeartBeat	8	static
../LoRaWAN/App/lora_app.c:663:13:SendTxData	56	static
../LoRaWAN/App/lora_app.c:1007:13:OnNvmDataChange	0	static
../LoRaWAN/App/lora_app.c:794:13:OnTxData	0	static
../LoRaWAN/App/lora_app.c:847:13:OnBeaconStatusChange	0	static
../LoRaWAN/App/lora_app.c:335:6:LoRaWAN_Init	24	static
